Component: Arm Compiler for Embedded 6.21 Tool: armlink [5ec1fa00]

==============================================================================

Section Cross References

    startup_stm32g030xx.o(STACK) refers (Special) to heapauxi.o(.text) for __use_two_region_memory
    startup_stm32g030xx.o(HEAP) refers (Special) to heapauxi.o(.text) for __use_two_region_memory
    startup_stm32g030xx.o(RESET) refers (Special) to heapauxi.o(.text) for __use_two_region_memory
    startup_stm32g030xx.o(RESET) refers to startup_stm32g030xx.o(STACK) for __initial_sp
    startup_stm32g030xx.o(RESET) refers to startup_stm32g030xx.o(.text) for Reset_Handler
    startup_stm32g030xx.o(RESET) refers to stm32g0xx_it.o(.text.NMI_Handler) for NMI_Handler
    startup_stm32g030xx.o(RESET) refers to stm32g0xx_it.o(.text.HardFault_Handler) for HardFault_Handler
    startup_stm32g030xx.o(RESET) refers to stm32g0xx_it.o(.text.SVC_Handler) for SVC_Handler
    startup_stm32g030xx.o(RESET) refers to stm32g0xx_it.o(.text.PendSV_Handler) for PendSV_Handler
    startup_stm32g030xx.o(RESET) refers to stm32g0xx_it.o(.text.SysTick_Handler) for SysTick_Handler
    startup_stm32g030xx.o(RESET) refers to stm32g0xx_it.o(.text.EXTI0_1_IRQHandler) for EXTI0_1_IRQHandler
    startup_stm32g030xx.o(RESET) refers to stm32g0xx_it.o(.text.EXTI2_3_IRQHandler) for EXTI2_3_IRQHandler
    startup_stm32g030xx.o(RESET) refers to stm32g0xx_it.o(.text.EXTI4_15_IRQHandler) for EXTI4_15_IRQHandler
    startup_stm32g030xx.o(RESET) refers to stm32g0xx_it.o(.text.TIM1_BRK_UP_TRG_COM_IRQHandler) for TIM1_BRK_UP_TRG_COM_IRQHandler
    startup_stm32g030xx.o(RESET) refers to stm32g0xx_it.o(.text.TIM14_IRQHandler) for TIM14_IRQHandler
    startup_stm32g030xx.o(RESET) refers to stm32g0xx_it.o(.text.USART1_IRQHandler) for USART1_IRQHandler
    startup_stm32g030xx.o(.text) refers (Special) to heapauxi.o(.text) for __use_two_region_memory
    startup_stm32g030xx.o(.text) refers to system_stm32g0xx.o(.text.SystemInit) for SystemInit
    startup_stm32g030xx.o(.text) refers to __main.o(!!!main) for __main
    startup_stm32g030xx.o(.text) refers to startup_stm32g030xx.o(HEAP) for Heap_Mem
    startup_stm32g030xx.o(.text) refers to startup_stm32g030xx.o(STACK) for Stack_Mem
    main.o(.text.Welcome_Seg) refers to display.o(.text.Select_Segment) for Select_Segment
    main.o(.text.Welcome_Seg) refers to display.o(.text.Show_Segment) for Show_Segment
    main.o(.text.Welcome_Seg) refers to stm32g0xx_hal.o(.text.HAL_Delay) for HAL_Delay
    main.o(.ARM.exidx.text.Welcome_Seg) refers to main.o(.text.Welcome_Seg) for [Anonymous Symbol]
    main.o(.text.Response_Input_Data) refers to stm32g0xx_hal_uart.o(.text.HAL_UART_Transmit) for HAL_UART_Transmit
    main.o(.text.Response_Input_Data) refers to main.o(.bss.Value_Res1) for Value_Res1
    main.o(.text.Response_Input_Data) refers to main.o(.bss.arr_frame) for arr_frame
    main.o(.text.Response_Input_Data) refers to main.o(.bss.huart1) for huart1
    main.o(.ARM.exidx.text.Response_Input_Data) refers to main.o(.text.Response_Input_Data) for [Anonymous Symbol]
    main.o(.text.HAL_TIM_PeriodElapsedCallback) refers to stm32g0xx_hal_gpio.o(.text.HAL_GPIO_ReadPin) for HAL_GPIO_ReadPin
    main.o(.text.HAL_TIM_PeriodElapsedCallback) refers to menu.o(.text.Change_Value_Conditions_Up_Key) for Change_Value_Conditions_Up_Key
    main.o(.text.HAL_TIM_PeriodElapsedCallback) refers to display.o(.text.LED_Control) for LED_Control
    main.o(.text.HAL_TIM_PeriodElapsedCallback) refers to menu.o(.text.Change_Value_Conditions_Down_Key) for Change_Value_Conditions_Down_Key
    main.o(.text.HAL_TIM_PeriodElapsedCallback) refers to main.o(.bss.Counter_Toggle_Sevensegment) for Counter_Toggle_Sevensegment
    main.o(.text.HAL_TIM_PeriodElapsedCallback) refers to main.o(.bss.Toggle_Sevensegment) for Toggle_Sevensegment
    main.o(.text.HAL_TIM_PeriodElapsedCallback) refers to main.o(.bss.htim14) for htim14
    main.o(.text.HAL_TIM_PeriodElapsedCallback) refers to main.o(.bss.htim1) for htim1
    main.o(.text.HAL_TIM_PeriodElapsedCallback) refers to main.o(.bss.Counter_Change_Value) for Counter_Change_Value
    main.o(.text.HAL_TIM_PeriodElapsedCallback) refers to main.o(.bss.Step_Speed) for Step_Speed
    main.o(.text.HAL_TIM_PeriodElapsedCallback) refers to main.o(.data.Lock_Counter_Key) for Lock_Counter_Key
    main.o(.text.HAL_TIM_PeriodElapsedCallback) refers to main.o(.bss.Counter_Key_Hold) for Counter_Key_Hold
    main.o(.text.HAL_TIM_PeriodElapsedCallback) refers to menu.o(.bss.Value) for Value
    main.o(.text.HAL_TIM_PeriodElapsedCallback) refers to main.o(.bss.PM_Menu) for PM_Menu
    main.o(.text.HAL_TIM_PeriodElapsedCallback) refers to main.o(.bss.Serial_Repeat) for Serial_Repeat
    main.o(.text.HAL_TIM_PeriodElapsedCallback) refers to main.o(.bss.Repeat_time_Serial) for Repeat_time_Serial
    main.o(.text.HAL_TIM_PeriodElapsedCallback) refers to main.o(.bss.Repeat_Time) for Repeat_Time
[...]
    change_Param_ADV1                        0x08006895   Thumb Code   224  menu.o(.text.change_Param_ADV1)
    change_Param_ADV2                        0x080069bd   Thumb Code   364  menu.o(.text.change_Param_ADV2)
    incriment_array                          0x08006bb9   Thumb Code    92  store_flash.o(.text.incriment_array)
    main                                     0x08006c15   Thumb Code  3252  main.o(.text.main)
    readFlash                                0x08007975   Thumb Code     4  store_flash.o(.text.readFlash)
    writeFlash                               0x08007979   Thumb Code    72  store_flash.o(.text.writeFlash)
    __aeabi_uidiv                            0x080079c1   Thumb Code    68  aeabi_sdivfast.o(.text_divfast)
    __aeabi_idiv                             0x08007a05   Thumb Code   434  aeabi_sdivfast.o(.text_divfast)
    AHBPrescTable                            0x08007bc4   Data          64  system_stm32g0xx.o(.rodata.AHBPrescTable)
    APBPrescTable                            0x08007c04   Data          32  system_stm32g0xx.o(.rodata.APBPrescTable)
    UARTPrescTable                           0x08007c24   Data          24  stm32g0xx_hal_uart.o(.rodata.UARTPrescTable)
    Region$$Table$$Base                      0x08007c84   Number         0  anon$$obj.o(Region$$Table)
    Region$$Table$$Limit                     0x08007ca4   Number         0  anon$$obj.o(Region$$Table)
    Byte_1_CD_Mode                           0x20000000   Data           1  main.o(.data.Byte_1_CD_Mode)
    Byte_1_Device_Mode                       0x20000001   Data           1  store_flash.o(.data.Byte_1_Device_Mode)
    Byte_1_END_Frame                         0x20000002   Data           1  main.o(.data.Byte_1_END_Frame)
    Byte_1_Manual_Mode                       0x20000003   Data           1  main.o(.data.Byte_1_Manual_Mode)
    Byte_1_Normal_Mode                       0x20000004   Data           1  main.o(.data.Byte_1_Normal_Mode)
    Byte_1_OD_Mode                           0x20000005   Data           1  main.o(.data.Byte_1_OD_Mode)
    Byte_1_Read_Frame                        0x20000006   Data           1  main.o(.data.Byte_1_Read_Frame)
    Byte_1_Start_Frame                       0x20000007   Data           1  main.o(.data.Byte_1_Start_Frame)
    Byte_1_Tune_Mode                         0x20000008   Data           1  main.o(.data.Byte_1_Tune_Mode)
    Byte_1_Write_Frame                       0x20000009   Data           1  main.o(.data.Byte_1_Write_Frame)
    Byte_2_END_Frame                         0x2000000a   Data           1  main.o(.data.Byte_2_END_Frame)
    Byte_2_Start_Frame                       0x2000000b   Data           1  main.o(.data.Byte_2_Start_Frame)
    Close_Accel_C                            0x2000000c   Data           6  store_flash.o(.data.Close_Accel_C)
    Close_Accel_D                            0x20000012   Data           6  store_flash.o(.data.Close_Accel_D)
    Close_Accel_H                            0x20000018   Data           6  store_flash.o(.data.Close_Accel_H)
    Close_Accel_O                            0x2000001e   Data           6  store_flash.o(.data.Close_Accel_O)
    Close_Current_C                          0x20000024   Data           6  store_flash.o(.data.Close_Current_C)
    Close_Current_D                          0x2000002a   Data           6  store_flash.o(.data.Close_Current_D)
    Close_Current_H                          0x20000030   Data           6  store_flash.o(.data.Close_Current_H)
    Close_Current_O                          0x20000036   Data           6  store_flash.o(.data.Close_Current_O)
    Close_Position_C                         0x2000003c   Data           6  store_flash.o(.data.Close_Position_C)
    Close_Position_D                         0x20000042   Data           6  store_flash.o(.data.Close_Position_D)
    Close_Position_H                         0x20000048   Data           6  store_flash.o(.data.Close_Position_H)
    Close_Position_O                         0x2000004e   Data           6  store_flash.o(.data.Close_Position_O)
    Close_Speed_C                            0x20000054   Data           6  store_flash.o(.data.Close_Speed_C)
    Close_Speed_D                            0x2000005a   Data           6  store_flash.o(.data.Close_Speed_D)
    Close_Speed_H                            0x20000060   Data           6  store_flash.o(.data.Close_Speed_H)
    Close_Speed_O                            0x20000066   Data           6  store_flash.o(.data.Close_Speed_O)
    Closing_Destination_C                    0x2000006c   Data           1  store_flash.o(.data.Closing_Destination_C)
    Closing_Destination_D                    0x2000006d   Data           1  store_flash.o(.data.Closing_Destination_D)
    Closing_Destination_H                    0x2000006e   Data           1  store_flash.o(.data.Closing_Destination_H)
    Closing_Destination_O                    0x2000006f   Data           1  store_flash.o(.data.Closing_Destination_O)
    Command_Source_Mode_C                    0x20000070   Data           1  store_flash.o(.data.Command_Source_Mode_C)
    Command_Source_Mode_D                    0x20000071   Data           1  store_flash.o(.data.Command_Source_Mode_D)
    Counter_Reset_system                     0x20000072   Data           1  main.o(.data.Counter_Reset_system)
    Device_Mode_H                            0x20000073   Data           1  store_flash.o(.data.Device_Mode_H)
    Device_Mode_O                            0x20000074   Data           1  store_flash.o(.data.Device_Mode_O)
    Display_storage                          0x20000075   Data           4  display.o(.data.Display_storage)
    Empty_Seg                                0x2000007c   Data           4  menu.o(.data.Empty_Seg)
    KP_Detection_Time_C                      0x20000080   Data           1  store_flash.o(.data.KP_Detection_Time_C)
    KP_Detection_Time_D                      0x20000081   Data           1  store_flash.o(.data.KP_Detection_Time_D)
    KP_Detection_Time_H                      0x20000082   Data           1  store_flash.o(.data.KP_Detection_Time_H)
    KP_Detection_Time_O                      0x20000083   Data           1  store_flash.o(.data.KP_Detection_Time_O)
    KP_Speed_Constant_C                      0x20000084   Data           1  store_flash.o(.data.KP_Speed_Constant_C)
    KP_Speed_Constant_D                      0x20000085   Data           1  store_flash.o(.data.KP_Speed_Constant_D)
    KP_Speed_Constant_H                      0x20000086   Data           1  store_flash.o(.data.KP_Speed_Constant_H)
    KP_Speed_Constant_O                      0x20000087   Data           1  store_flash.o(.data.KP_Speed_Constant_O)
    LEDS_Number                              0x20000088   Data           1  display.o(.data.LEDS_Number)
    Learnig_Speed_C                          0x20000089   Data           1  store_flash.o(.data.Learnig_Speed_C)
    Learnig_Speed_D                          0x2000008a   Data           1  store_flash.o(.data.Learnig_Speed_D)
    Learnig_Speed_H                          0x2000008b   Data           1  store_flash.o(.data.Learnig_Speed_H)
    Learnig_Speed_O                          0x2000008c   Data           1  store_flash.o(.data.Learnig_Speed_O)
    Lock_Counter_Key                         0x2000008d   Data           1  main.o(.data.Lock_Counter_Key)
    Motor_Nominal_Current_C                  0x2000008e   Data           1  store_flash.o(.data.Motor_Nominal_Current_C)
    Motor_Nominal_Current_D                  0x2000008f   Data           1  store_flash.o(.data.Motor_Nominal_Current_D)
    Motor_Nominal_Current_H                  0x20000090   Data           1  store_flash.o(.data.Motor_Nominal_Current_H)
    Motor_Nominal_Current_O                  0x20000091   Data           1  store_flash.o(.data.Motor_Nominal_Current_O)
    Motor_Nominal_Speed_C                    0x20000092   Data           1  store_flash.o(.data.Motor_Nominal_Speed_C)
    Motor_Nominal_Speed_D                    0x20000093   Data           1  store_flash.o(.data.Motor_Nominal_Speed_D)
    Motor_Nominal_Speed_H                    0x20000094   Data           1  store_flash.o(.data.Motor_Nominal_Speed_H)
    Motor_Nominal_Speed_O                    0x20000095   Data           1  store_flash.o(.data.Motor_Nominal_Speed_O)
    Motor_Nominal_Voltage_C                  0x20000096   Data           1  store_flash.o(.data.Motor_Nominal_Voltage_C)
    Motor_Nominal_Voltage_D                  0x20000097   Data           1  store_flash.o(.data.Motor_Nominal_Voltage_D)
    Motor_Nominal_Voltage_H                  0x20000098   Data           1  store_flash.o(.data.Motor_Nominal_Voltage_H)
    Motor_Nominal_Voltage_O                  0x20000099   Data           1  store_flash.o(.data.Motor_Nominal_Voltage_O)
    Motor_Pole_Number_C                      0x2000009a   Data           1  store_flash.o(.data.Motor_Pole_Number_C)
    Motor_Pole_Number_D                      0x2000009b   Data           1  store_flash.o(.data.Motor_Pole_Number_D)
    Motor_Pole_Number_H                      0x2000009c   Data           1  store_flash.o(.data.Motor_Pole_Number_H)
    Motor_Pole_Number_O                      0x2000009d   Data           1  store_flash.o(.data.Motor_Pole_Number_O)
    Normal_Jerk_C                            0x2000009e   Data           1  store_flash.o(.data.Normal_Jerk_C)
    Normal_Jerk_D                            0x2000009f   Data           1  store_flash.o(.data.Normal_Jerk_D)
    Normal_Jerk_H                            0x200000a0   Data           1  store_flash.o(.data.Normal_Jerk_H)
    Normal_Jerk_O                            0x200000a1   Data           1  store_flash.o(.data.Normal_Jerk_O)
    Number_OF_Settings                       0x200000a2   Data           1  menu.o(.data.Number_OF_Settings)
    Obstacle_KP_C                            0x200000a3   Data           1  store_flash.o(.data.Obstacle_KP_C)
    Obstacle_KP_D                            0x200000a4   Data           1  store_flash.o(.data.Obstacle_KP_D)
    Obstacle_KP_H                            0x200000a5   Data           1  store_flash.o(.data.Obstacle_KP_H)
    Obstacle_KP_O                            0x200000a6   Data           1  store_flash.o(.data.Obstacle_KP_O)
    Office_Flash_Array                       0x200000a7   Data         255  main.o(.data.Office_Flash_Array)
    Open_Accel_C                             0x200001a8   Data           6  store_flash.o(.data.Open_Accel_C)
    Open_Accel_D                             0x200001b0   Data           6  store_flash.o(.data.Open_Accel_D)
    Open_Accel_H                             0x200001b8   Data           6  store_flash.o(.data.Open_Accel_H)
    Open_Accel_O                             0x200001c0   Data           6  store_flash.o(.data.Open_Accel_O)
    Open_Current_C                           0x200001c6   Data           6  store_flash.o(.data.Open_Current_C)
    Open_Current_D                           0x200001cc   Data           6  store_flash.o(.data.Open_Current_D)
    Open_Current_H                           0x200001d2   Data           6  store_flash.o(.data.Open_Current_H)
    Open_Current_O                           0x200001d8   Data           6  store_flash.o(.data.Open_Current_O)
    Open_Position_C                          0x200001de   Data           6  store_flash.o(.data.Open_Position_C)
    Open_Position_D                          0x200001e4   Data           6  store_flash.o(.data.Open_Position_D)
    Open_Position_H                          0x200001ea   Data           6  store_flash.o(.data.Open_Position_H)
    Open_Position_O                          0x200001f0   Data           6  store_flash.o(.data.Open_Position_O)
    Open_Speed_C                             0x200001f6   Data           6  store_flash.o(.data.Open_Speed_C)
    Open_Speed_D                             0x200001fc   Data           6  store_flash.o(.data.Open_Speed_D)
    Open_Speed_H                             0x20000202   Data           6  store_flash.o(.data.Open_Speed_H)
    Open_Speed_O                             0x20000208   Data           6  store_flash.o(.data.Open_Speed_O)
    Opening_Destination_C                    0x2000020e   Data           1  store_flash.o(.data.Opening_Destination_C)
    Opening_Destination_D                    0x2000020f   Data           1  store_flash.o(.data.Opening_Destination_D)
    Opening_Destination_H                    0x20000210   Data           1  store_flash.o(.data.Opening_Destination_H)
    Opening_Destination_O                    0x20000211   Data           1  store_flash.o(.data.Opening_Destination_O)
    Over_Heat_Limit_C                        0x20000212   Data           1  store_flash.o(.data.Over_Heat_Limit_C)
    Over_Heat_Limit_D                        0x20000213   Data           1  store_flash.o(.data.Over_Heat_Limit_D)
    Over_Heat_Limit_H                        0x20000214   Data           1  store_flash.o(.data.Over_Heat_Limit_H)
    Over_Heat_Limit_O                        0x20000215   Data           1  store_flash.o(.data.Over_Heat_Limit_O)
    Over_Load_Limit_C                        0x20000216   Data           1  store_flash.o(.data.Over_Load_Limit_C)
    Over_Load_Limit_D                        0x20000217   Data           1  store_flash.o(.data.Over_Load_Limit_D)
    Over_Load_Limit_H                        0x20000218   Data           1  store_flash.o(.data.Over_Load_Limit_H)
    Over_Load_Limit_O                        0x20000219   Data           1  store_flash.o(.data.Over_Load_Limit_O)
    Over_Load_Time_C                         0x2000021a   Data           1  store_flash.o(.data.Over_Load_Time_C)
    Over_Load_Time_D                         0x2000021b   Data           1  store_flash.o(.data.Over_Load_Time_D)
    Over_Load_Time_H                         0x2000021c   Data           1  store_flash.o(.data.Over_Load_Time_H)
    Over_Load_Time_O                         0x2000021d   Data           1  store_flash.o(.data.Over_Load_Time_O)
    Pass_Field                               0x20000220   Data           4  menu.o(.data.Pass_Field)
    Res_1                                    0x20000224   Data           4  menu.o(.data.Res_1)
    Res_10                                   0x20000228   Data           4  menu.o(.data.Res_10)
    Res_17                                   0x2000022c   Data           4  menu.o(.data.Res_17)
    Res_18                                   0x20000230   Data           4  menu.o(.data.Res_18)
    Res_19                                   0x20000234   Data           4  menu.o(.data.Res_19)
    Res_2                                    0x20000238   Data           4  menu.o(.data.Res_2)
    Res_20                                   0x2000023c   Data           4  menu.o(.data.Res_20)
    Res_21                                   0x20000240   Data           4  menu.o(.data.Res_21)
    Res_22                                   0x20000244   Data           4  menu.o(.data.Res_22)
    Res_23                                   0x20000248   Data           4  menu.o(.data.Res_23)
    Res_24                                   0x2000024c   Data           4  menu.o(.data.Res_24)
    Res_25                                   0x20000250   Data           4  menu.o(.data.Res_25)
    Res_26                                   0x20000254   Data           4  menu.o(.data.Res_26)
    Res_27                                   0x20000258   Data           4  menu.o(.data.Res_27)
    Res_28                                   0x2000025c   Data           4  menu.o(.data.Res_28)
    Res_29                                   0x20000260   Data           4  menu.o(.data.Res_29)
    Res_3                                    0x20000264   Data           4  menu.o(.data.Res_3)
    Res_30                                   0x20000268   Data           4  menu.o(.data.Res_30)
    Res_37                                   0x2000026c   Data           4  menu.o(.data.Res_37)
    Res_38                                   0x20000270   Data           4  menu.o(.data.Res_38)
    Res_39                                   0x20000274   Data           4  menu.o(.data.Res_39)
    Res_4                                    0x20000278   Data           4  menu.o(.data.Res_4)
    Res_40                                   0x2000027c   Data           4  menu.o(.data.Res_40)
    Res_41                                   0x20000280   Data           4  menu.o(.data.Res_41)
    Res_42                                   0x20000284   Data           4  menu.o(.data.Res_42)
    Res_43                                   0x20000288   Data           4  menu.o(.data.Res_43)
    Res_44                                   0x2000028c   Data           4  menu.o(.data.Res_44)
    Res_45                                   0x20000290   Data           4  menu.o(.data.Res_45)
    Res_46                                   0x20000294   Data           4  menu.o(.data.Res_46)
    Res_47                                   0x20000298   Data           4  menu.o(.data.Res_47)
    Res_48                                   0x2000029c   Data           4  menu.o(.data.Res_48)
    Res_49                                   0x200002a0   Data           4  menu.o(.data.Res_49)
    Res_5                                    0x200002a4   Data           4  menu.o(.data.Res_5)
    Res_50                                   0x200002a8   Data           4  menu.o(.data.Res_50)
    Res_51                                   0x200002ac   Data           4  menu.o(.data.Res_51)
    Res_52                                   0x200002b0   Data           4  menu.o(.data.Res_52)
    Res_53                                   0x200002b4   Data           4  menu.o(.data.Res_53)
    Res_54                                   0x200002b8   Data           4  menu.o(.data.Res_54)
    Res_55                                   0x200002bc   Data           4  menu.o(.data.Res_55)
    Res_56                                   0x200002c0   Data           4  menu.o(.data.Res_56)
    Res_57                                   0x200002c4   Data           4  menu.o(.data.Res_57)
    Res_58                                   0x200002c8   Data           4  menu.o(.data.Res_58)
    Res_6                                    0x200002cc   Data           4  menu.o(.data.Res_6)
    Res_7                                    0x200002d0   Data           4  menu.o(.data.Res_7)
    Res_8                                    0x200002d4   Data           4  menu.o(.data.Res_8)
    Res_9                                    0x200002d8   Data           4  menu.o(.data.Res_9)
    Res_Mod_1                                0x200002dc   Data           4  menu.o(.data.Res_Mod_1)
    Res_Mod_2                                0x200002e0   Data           4  menu.o(.data.Res_Mod_2)
    Res_Mod_3                                0x200002e4   Data           4  menu.o(.data.Res_Mod_3)
    Save_Notic                               0x200002e8   Data           4  menu.o(.data.Save_Notic)
    Segment_Number                           0x200002ec   Data           1  display.o(.data.Segment_Number)
    Stop_Accel_C                             0x200002ed   Data           6  store_flash.o(.data.Stop_Accel_C)
    Stop_Accel_D                             0x200002f3   Data           6  store_flash.o(.data.Stop_Accel_D)
    Stop_Accel_H                             0x200002f9   Data           6  store_flash.o(.data.Stop_Accel_H)
    Stop_Accel_O                             0x200002ff   Data           6  store_flash.o(.data.Stop_Accel_O)
    Stop_Current_C                           0x20000305   Data           6  store_flash.o(.data.Stop_Current_C)
    Stop_Current_D                           0x2000030b   Data           6  store_flash.o(.data.Stop_Current_D)
    Stop_Current_H                           0x20000311   Data           6  store_flash.o(.data.Stop_Current_H)
    Stop_Current_O                           0x20000317   Data           6  store_flash.o(.data.Stop_Current_O)
    Stop_Jerk_C                              0x2000031d   Data           1  store_flash.o(.data.Stop_Jerk_C)
    Stop_Jerk_D                              0x2000031e   Data           1  store_flash.o(.data.Stop_Jerk_D)
    Stop_Jerk_H                              0x2000031f   Data           1  store_flash.o(.data.Stop_Jerk_H)
    Stop_Jerk_O                              0x20000320   Data           1  store_flash.o(.data.Stop_Jerk_O)
    Stop_Position_C                          0x20000321   Data           6  store_flash.o(.data.Stop_Position_C)
    Stop_Position_D                          0x20000327   Data           6  store_flash.o(.data.Stop_Position_D)
    Stop_Position_H                          0x2000032d   Data           6  store_flash.o(.data.Stop_Position_H)
    Stop_Position_O                          0x20000333   Data           6  store_flash.o(.data.Stop_Position_O)
    SystemCoreClock                          0x2000033c   Data           4  system_stm32g0xx.o(.data.SystemCoreClock)
    addr                                     0x20000340   Data           4  main.o(.data.addr)
    uwTickFreq                               0x20000344   Data           1  stm32g0xx_hal.o(.data.uwTickFreq)
    uwTickPrio                               0x20000348   Data           4  stm32g0xx_hal.o(.data.uwTickPrio)
    __libspace_start                         0x20000350   Data          96  libspace.o(.bss)
    ADV1_NUM_Param                           0x200003b0   Data           1  menu.o(.bss.ADV1_NUM_Param)
    __temporary_stack_top$libspace           0x200003b0   Data           0  libspace.o(.bss)
    ADV2_NUM_Param                           0x200003b1   Data           1  menu.o(.bss.ADV2_NUM_Param)
    Address_Value                            0x200003b2   Data           1  menu.o(.bss.Address_Value)
    Array_Flash_Counter                      0x200003b3   Data           1  main.o(.bss.Array_Flash_Counter)
    Buzzer_Activation_C                      0x200003b4   Data           1  store_flash.o(.bss.Buzzer_Activation_C)
    Buzzer_Activation_D                      0x200003b5   Data           1  store_flash.o(.bss.Buzzer_Activation_D)
    Buzzer_Activation_H                      0x200003b6   Data           1  store_flash.o(.bss.Buzzer_Activation_H)
    Buzzer_Activation_O                      0x200003b7   Data           1  store_flash.o(.bss.Buzzer_Activation_O)
    CRC_Value                                0x200003b8   Data           1  main.o(.bss.CRC_Value)
    Change_Mode_Flag                         0x200003b9   Data           1  menu.o(.bss.Change_Mode_Flag)
    Change_State_Manual                      0x200003ba   Data           1  menu.o(.bss.Change_State_Manual)
    Command_Source_Mode_H                    0x200003bb   Data           1  store_flash.o(.bss.Command_Source_Mode_H)
    Command_Source_Mode_O                    0x200003bc   Data           1  store_flash.o(.bss.Command_Source_Mode_O)
    Commercial_Flash_Array                   0x200003bd   Data         255  main.o(.bss.Commercial_Flash_Array)
    Counter_Auto_Show                        0x200004bc   Data           1  main.o(.bss.Counter_Auto_Show)
    Counter_Back_to_Norm                     0x200004bd   Data           1  main.o(.bss.Counter_Back_to_Norm)
    Counter_CD_Key                           0x200004c0   Data           4  main.o(.bss.Counter_CD_Key)
    Counter_Change_Value                     0x200004c4   Data           1  main.o(.bss.Counter_Change_Value)
    Counter_Devide_10                        0x200004c5   Data           1  main.o(.bss.Counter_Devide_10)
    Counter_Down_Key                         0x200004c6   Data           1  main.o(.bss.Counter_Down_Key)
    Counter_ENT_Key                          0x200004c8   Data           4  main.o(.bss.Counter_ENT_Key)
    Counter_ESC_Key                          0x200004cc   Data           1  main.o(.bss.Counter_ESC_Key)
    Counter_Key_Hold                         0x200004cd   Data           1  main.o(.bss.Counter_Key_Hold)
    Counter_Lock_Pass                        0x200004ce   Data           1  main.o(.bss.Counter_Lock_Pass)
    Counter_OD_Key                           0x200004d0   Data           4  main.o(.bss.Counter_OD_Key)
    Counter_RST_Key                          0x200004d4   Data           4  main.o(.bss.Counter_RST_Key)
    Counter_Time_Screen_Saver                0x200004d8   Data           1  main.o(.bss.Counter_Time_Screen_Saver)
    Counter_Toggle_Sevensegment              0x200004d9   Data           1  main.o(.bss.Counter_Toggle_Sevensegment)
    Counter_UP_Key                           0x200004da   Data           1  main.o(.bss.Counter_UP_Key)
    Counter_Wating                           0x200004db   Data           1  main.o(.bss.Counter_Wating)
    Counter_Wating_Show                      0x200004dc   Data           1  main.o(.bss.Counter_Wating_Show)
    Default_Flash_Array                      0x200004dd   Data         255  store_flash.o(.bss.Default_Flash_Array)
    Device_Mode_C                            0x200005dc   Data           1  store_flash.o(.bss.Device_Mode_C)
    Device_Mode_D                            0x200005dd   Data           1  store_flash.o(.bss.Device_Mode_D)
    Door_Direction_C                         0x200005de   Data           1  store_flash.o(.bss.Door_Direction_C)
    Door_Direction_D                         0x200005df   Data           1  store_flash.o(.bss.Door_Direction_D)
    Door_Direction_H                         0x200005e0   Data           1  store_flash.o(.bss.Door_Direction_H)
    Door_Direction_O                         0x200005e1   Data           1  store_flash.o(.bss.Door_Direction_O)
    End_Page                                 0x200005e2   Data           1  menu.o(.bss.End_Page)
    Fault_Vector                             0x200005e4   Data           4  main.o(.bss.Fault_Vector)
    Flag_ADV1                                0x200005e8   Data           1  menu.o(.bss.Flag_ADV1)
    Flag_ADV2                                0x200005e9   Data           1  menu.o(.bss.Flag_ADV2)
    Flag_Buzzer_Menu                         0x200005ea   Data           1  menu.o(.bss.Flag_Buzzer_Menu)
    Flag_Command_Source_Menu                 0x200005eb   Data           1  menu.o(.bss.Flag_Command_Source_Menu)
    Flag_Demo                                0x200005ec   Data           1  menu.o(.bss.Flag_Demo)
    Flag_Door_Direction_Menu                 0x200005ed   Data           1  menu.o(.bss.Flag_Door_Direction_Menu)
    Flag_KP_Detection_Time_Menu              0x200005ee   Data           1  menu.o(.bss.Flag_KP_Detection_Time_Menu)
    Flag_Load_Data                           0x200005ef   Data           1  main.o(.bss.Flag_Load_Data)
    Flag_Lock_Pass_Show                      0x200005f0   Data           1  main.o(.bss.Flag_Lock_Pass_Show)
    Flag_Motor_Nominal_Current_Menu          0x200005f1   Data           1  menu.o(.bss.Flag_Motor_Nominal_Current_Menu)
    Flag_Motor_Nominal_Speed_Menu            0x200005f2   Data           1  menu.o(.bss.Flag_Motor_Nominal_Speed_Menu)
    Flag_Motor_Nominal_Voltage_Menu          0x200005f3   Data           1  menu.o(.bss.Flag_Motor_Nominal_Voltage_Menu)
    Flag_Motor_Pole_Number_Menu              0x200005f4   Data           1  menu.o(.bss.Flag_Motor_Pole_Number_Menu)
    Flag_OK_Setup                            0x200005f5   Data           1  main.o(.bss.Flag_OK_Setup)
    Flag_Repeat_Off                          0x200005f6   Data           1  main.o(.bss.Flag_Repeat_Off)
    Flag_Screen_Saver                        0x200005f7   Data           1  main.o(.bss.Flag_Screen_Saver)
    Flag_Show_Auto                           0x200005f8   Data           1  main.o(.bss.Flag_Show_Auto)
    Flag_Show_CD                             0x200005f9   Data           1  main.o(.bss.Flag_Show_CD)
    Flag_Show_OD                             0x200005fa   Data           1  main.o(.bss.Flag_Show_OD)
    Flag_System_Waitng                       0x200005fb   Data           1  main.o(.bss.Flag_System_Waitng)
    Flag_Tune_Mode_Menu                      0x200005fc   Data           1  menu.o(.bss.Flag_Tune_Mode_Menu)
    Household_Flash_Array                    0x200005fd   Data         255  main.o(.bss.Household_Flash_Array)
    ID_RES10_SAVE_PERMISSION                 0x200006fc   Data           1  menu.o(.bss.ID_RES10_SAVE_PERMISSION)
    ID_RES1_SAVE_PERMISSION                  0x200006fd   Data           1  menu.o(.bss.ID_RES1_SAVE_PERMISSION)
    ID_RES2_SAVE_PERMISSION                  0x200006fe   Data           1  menu.o(.bss.ID_RES2_SAVE_PERMISSION)
    ID_RES3_SAVE_PERMISSION                  0x200006ff   Data           1  menu.o(.bss.ID_RES3_SAVE_PERMISSION)
    ID_RES4_SAVE_PERMISSION                  0x20000700   Data           1  menu.o(.bss.ID_RES4_SAVE_PERMISSION)
    ID_RES5_SAVE_PERMISSION                  0x20000701   Data           1  menu.o(.bss.ID_RES5_SAVE_PERMISSION)
    ID_RES6_SAVE_PERMISSION                  0x20000702   Data           1  menu.o(.bss.ID_RES6_SAVE_PERMISSION)
    ID_RES7_SAVE_PERMISSION                  0x20000703   Data           1  menu.o(.bss.ID_RES7_SAVE_PERMISSION)
    ID_RES8_SAVE_PERMISSION                  0x20000704   Data           1  menu.o(.bss.ID_RES8_SAVE_PERMISSION)
    ID_RES9_SAVE_PERMISSION                  0x20000705   Data           1  menu.o(.bss.ID_RES9_SAVE_PERMISSION)
    Lock_LCD                                 0x20000706   Data           1  main.o(.bss.Lock_LCD)
    Lock_System                              0x20000707   Data           1  main.o(.bss.Lock_System)
    Manual_mode                              0x20000708   Data           1  main.o(.bss.Manual_mode)
    Menu_CD                                  0x20000709   Data           1  main.o(.bss.Menu_CD)
    Menu_Down                                0x2000070a   Data           1  main.o(.bss.Menu_Down)
    Menu_ENT                                 0x2000070b   Data           1  main.o(.bss.Menu_ENT)
    Menu_ESC                                 0x2000070c   Data           1  main.o(.bss.Menu_ESC)
    Menu_OD                                  0x2000070d   Data           1  main.o(.bss.Menu_OD)
    Menu_Reset                               0x2000070e   Data           1  main.o(.bss.Menu_Reset)
    Menu_Up                                  0x2000070f   Data           1  main.o(.bss.Menu_Up)
    Number_Repeat_Serial                     0x20000710   Data           1  main.o(.bss.Number_Repeat_Serial)
    PM_Menu                                  0x20000714   Data          20  main.o(.bss.PM_Menu)
    Password_Mode_Flag                       0x20000728   Data           1  menu.o(.bss.Password_Mode_Flag)
    Read_ADV1                                0x20000729   Data           1  menu.o(.bss.Read_ADV1)
    Read_ADV2                                0x2000072a   Data           1  menu.o(.bss.Read_ADV2)
    Read_Array_Flash                         0x2000072b   Data         255  main.o(.bss.Read_Array_Flash)
    Read_Array_Flash_Res                     0x2000082c   Data           4  menu.o(.bss.Read_Array_Flash_Res)
    Repeat_Time                              0x20000830   Data           1  main.o(.bss.Repeat_Time)
    Repeat_time_Serial                       0x20000831   Data           1  main.o(.bss.Repeat_time_Serial)
    Reset_Menu                               0x20000832   Data           1  menu.o(.bss.Reset_Menu)
    Reset_To_Default_Value                   0x20000833   Data           1  main.o(.bss.Reset_To_Default_Value)
    Screen_Number                            0x20000834   Data           1  main.o(.bss.Screen_Number)
    Seial_Repeat_arr_frame                   0x20000838   Data          11  main.o(.bss.Seial_Repeat_arr_frame)
    Serial_Available                         0x20000843   Data           1  main.o(.bss.Serial_Available)
    Serial_Repeat                            0x20000844   Data           1  main.o(.bss.Serial_Repeat)
    Show_Variable                            0x20000848   Data           4  main.o(.bss.Show_Variable)
    Step_Pass                                0x2000084c   Data           1  menu.o(.bss.Step_Pass)
    Step_Speed                               0x2000084d   Data           1  main.o(.bss.Step_Speed)
    Stop_Speed_C                             0x2000084e   Data           6  store_flash.o(.bss.Stop_Speed_C)
    Stop_Speed_D                             0x20000854   Data           6  store_flash.o(.bss.Stop_Speed_D)
    Stop_Speed_H                             0x2000085a   Data           6  store_flash.o(.bss.Stop_Speed_H)
    Stop_Speed_O                             0x20000860   Data           6  store_flash.o(.bss.Stop_Speed_O)
    Sub_Page                                 0x20000866   Data           1  menu.o(.bss.Sub_Page)
    Toggle_Sevensegment                      0x20000867   Data           1  main.o(.bss.Toggle_Sevensegment)
    Transmision_Flag                         0x20000868   Data           1  main.o(.bss.Transmision_Flag)
    Tune_Mode                                0x20000869   Data           1  main.o(.bss.Tune_Mode)
    Tune_Mode_Flash_C                        0x2000086a   Data           1  store_flash.o(.bss.Tune_Mode_Flash_C)
    Tune_Mode_Flash_D                        0x2000086b   Data           1  store_flash.o(.bss.Tune_Mode_Flash_D)
    Tune_Mode_Flash_H                        0x2000086c   Data           1  store_flash.o(.bss.Tune_Mode_Flash_H)
    Tune_Mode_Flash_O                        0x2000086d   Data           1  store_flash.o(.bss.Tune_Mode_Flash_O)
    Value                                    0x20000870   Data           4  menu.o(.bss.Value)
    Value_Res1                               0x20000874   Data           1  main.o(.bss.Value_Res1)
    arr_frame                                0x20000878   Data          11  main.o(.bss.arr_frame)
    block_Counter_frame                      0x20000883   Data           1  main.o(.bss.block_Counter_frame)
    byte                                     0x20000884   Data           1  main.o(.bss.byte)
    check_Pass                               0x20000885   Data           1  menu.o(.bss.check_Pass)
    frame_counter                            0x20000888   Data           4  main.o(.bss.frame_counter)
    htim1                                    0x2000088c   Data          76  main.o(.bss.htim1)
    htim14                                   0x200008d8   Data          76  main.o(.bss.htim14)
    huart1                                   0x20000924   Data         148  main.o(.bss.huart1)
    pFlash                                   0x200009b8   Data          28  stm32g0xx_hal_flash.o(.bss.pFlash)
    setting                                  0x200009d4   Data           1  menu.o(.bss.setting)
    uwTick                                   0x200009d8   Data           4  stm32g0xx_hal.o(.bss.uwTick)



==============================================================================

Memory Map of the image

  Image Entry point : 0x080000c1

  Load Region LR_IROM1 (Base: 0x08000000, Size: 0x00007ff8, Max: 0x00010000, ABSOLUTE, COMPRESSED[0x00007e28])

    Execution Region ER_IROM1 (Exec base: 0x08000000, Load base: 0x08000000, Size: 0x00007ca4, Max: 0x00010000, ABSOLUTE)

    Exec Addr    Load Addr    Size         Type   Attr      Idx    E Section Name        Object

    0x08000000   0x08000000   0x000000c0   Data   RO            3    RESET               startup_stm32g030xx.o
    0x080000c0   0x080000c0   0x00000008   Code   RO         1436  * !!!main             c_p.l(__main.o)
    0x080000c8   0x080000c8   0x00000054   Code   RO         1615    !!!scatter          c_p.l(__scatter.o)
    0x0800011c   0x0800011c   0x00000002   Code   RO         1616    !!handler_null      c_p.l(__scatter.o)
    0x0800011e   0x0800011e   0x00000002   PAD
    0x08000120   0x08000120   0x0000001c   Code   RO         1619    !!handler_zi        c_p.l(__scatter_zi.o)
    0x0800013c   0x0800013c   0x00000002   Code   RO         1474    .ARM.Collect$$libinit$$00000000  c_p.l(libinit.o)
    0x0800013e   0x0800013e   0x00000000   Code   RO         1488    .ARM.Collect$$libinit$$00000002  c_p.l(libinit2.o)
    0x0800013e   0x0800013e   0x00000000   Code   RO         1490    .ARM.Collect$$libinit$$00000004  c_p.l(libinit2.o)
    0x0800013e   0x0800013e   0x00000000   Code   RO         1492    .ARM.Collect$$libinit$$00000006  c_p.l(libinit2.o)
    0x0800013e   0x0800013e   0x00000000   Code   RO         1495    .ARM.Collect$$libinit$$0000000C  c_p.l(libinit2.o)
    0x0800013e   0x0800013e   0x00000000   Code   RO         1497    .ARM.Collect$$libinit$$0000000E  c_p.l(libinit2.o)
    0x0800013e   0x0800013e   0x00000000   Code   RO         1499    .ARM.Collect$$libinit$$00000010  c_p.l(libinit2.o)
    0x0800013e   0x0800013e   0x00000000   Code   RO         1502    .ARM.Collect$$libinit$$00000013  c_p.l(libinit2.o)
    0x0800013e   0x0800013e   0x00000000   Code   RO         1504    .ARM.Collect$$libinit$$00000015  c_p.l(libinit2.o)
    0x0800013e   0x0800013e   0x00000000   Code   RO         1506    .ARM.Collect$$libinit$$00000017  c_p.l(libinit2.o)
    0x0800013e   0x0800013e   0x00000000   Code   RO         1508    .ARM.Collect$$libinit$$00000019  c_p.l(libinit2.o)
    0x0800013e   0x0800013e   0x00000000   Code   RO         1510    .ARM.Collect$$libinit$$0000001B  c_p.l(libinit2.o)
    0x0800013e   0x0800013e   0x00000000   Code   RO         1512    .ARM.Collect$$libinit$$0000001D  c_p.l(libinit2.o)
    0x0800013e   0x0800013e   0x00000000   Code   RO         1514    .ARM.Collect$$libinit$$0000001F  c_p.l(libinit2.o)
    0x0800013e   0x0800013e   0x00000000   Code   RO         1516    .ARM.Collect$$libinit$$00000021  c_p.l(libinit2.o)
    0x0800013e   0x0800013e   0x00000000   Code   RO         1518    .ARM.Collect$$libinit$$00000023  c_p.l(libinit2.o)
    0x0800013e   0x0800013e   0x00000000   Code   RO         1520    .ARM.Collect$$libinit$$00000025  c_p.l(libinit2.o)
    0x0800013e   0x0800013e   0x00000000   Code   RO         1522    .ARM.Collect$$libinit$$00000027  c_p.l(libinit2.o)
    0x0800013e   0x0800013e   0x00000000   Code   RO         1526    .ARM.Collect$$libinit$$0000002E  c_p.l(libinit2.o)
    0x0800013e   0x0800013e   0x00000000   Code   RO         1528    .ARM.Collect$$libinit$$00000030  c_p.l(libinit2.o)
    0x0800013e   0x0800013e   0x00000000   Code   RO         1530    .ARM.Collect$$libinit$$00000032  c_p.l(libinit2.o)
    0x0800013e   0x0800013e   0x00000000   Code   RO         1532    .ARM.Collect$$libinit$$00000034  c_p.l(libinit2.o)
    0x0800013e   0x0800013e   0x00000002   Code   RO         1533    .ARM.Collect$$libinit$$00000035  c_p.l(libinit2.o)
    0x08000140   0x08000140   0x00000002   Code   RO         1568    .ARM.Collect$$libshutdown$$00000000  c_p.l(libshutdown.o)
    0x08000142   0x08000142   0x00000000   Code   RO         1596    .ARM.Collect$$libshutdown$$00000002  c_p.l(libshutdown2.o)
    0x08000142   0x08000142   0x00000000   Code   RO         1598    .ARM.Collect$$libshutdown$$00000004  c_p.l(libshutdown2.o)
    0x08000142   0x08000142   0x00000000   Code   RO         1601    .ARM.Collect$$libshutdown$$00000007  c_p.l(libshutdown2.o)
    0x08000142   0x08000142   0x00000000   Code   RO         1604    .ARM.Collect$$libshutdown$$0000000A  c_p.l(libshutdown2.o)
    0x08000142   0x08000142   0x00000000   Code   RO         1606    .ARM.Collect$$libshutdown$$0000000C  c_p.l(libshutdown2.o)
    0x08000142   0x08000142   0x00000000   Code   RO         1609    .ARM.Collect$$libshutdown$$0000000F  c_p.l(libshutdown2.o)
    0x08000142   0x08000142   0x00000002   Code   RO         1610    .ARM.Collect$$libshutdown$$00000010  c_p.l(libshutdown2.o)
    0x08000144   0x08000144   0x00000000   Code   RO         1438    .ARM.Collect$$rtentry$$00000000  c_p.l(__rtentry.o)
    0x08000144   0x08000144   0x00000000   Code   RO         1444    .ARM.Collect$$rtentry$$00000002  c_p.l(__rtentry2.o)
    0x08000144   0x08000144   0x00000006   Code   RO         1456    .ARM.Collect$$rtentry$$00000004  c_p.l(__rtentry4.o)
    0x0800014a   0x0800014a   0x00000000   Code   RO         1446    .ARM.Collect$$rtentry$$00000009  c_p.l(__rtentry2.o)
    0x0800014a   0x0800014a   0x00000004   Code   RO         1447    .ARM.Collect$$rtentry$$0000000A  c_p.l(__rtentry2.o)
    0x0800014e   0x0800014e   0x00000000   Code   RO         1449    .ARM.Collect$$rtentry$$0000000C  c_p.l(__rtentry2.o)
    0x0800014e   0x0800014e   0x00000008   Code   RO         1450    .ARM.Collect$$rtentry$$0000000D  c_p.l(__rtentry2.o)
    0x08000156   0x08000156   0x00000002   Code   RO         1479    .ARM.Collect$$rtexit$$00000000  c_p.l(rtexit.o)
    0x08000158   0x08000158   0x00000000   Code   RO         1539    .ARM.Collect$$rtexit$$00000002  c_p.l(rtexit2.o)
    0x08000158   0x08000158   0x00000004   Code   RO         1540    .ARM.Collect$$rtexit$$00000003  c_p.l(rtexit2.o)
    0x0800015c   0x0800015c   0x00000006   Code   RO         1541    .ARM.Collect$$rtexit$$00000004  c_p.l(rtexit2.o)
    0x08000162   0x08000162   0x00000002   PAD
    0x08000164   0x08000164   0x00000038   Code   RO         1420    .emb_text           c_p.l(rt_memcpy.o)
    0x0800019c   0x0800019c   0x00000038   Code   RO            4    .text               startup_stm32g030xx.o
    0x080001d4   0x080001d4   0x00000044   Code   RO         1418    .text               c_p.l(strlen.o)
    0x08000218   0x08000218   0x00000082   Code   RO         1421    .text               c_p.l(rt_memcpy.o)
    0x0800029a   0x0800029a   0x00000040   Code   RO         1424    .text               c_p.l(rt_memclr.o)
    0x080002da   0x080002da   0x00000002   PAD
    0x080002dc   0x080002dc   0x000001f8   Code   RO         1426    .text               c_p.l(aeabi_sdivfast.o)
    0x080004d4   0x080004d4   0x00000006   Code   RO         1434    .text               c_p.l(heapauxi.o)
    0x080004da   0x080004da   0x0000003e   Code   RO         1460    .text               c_p.l(sys_stackheap_outer.o)
    0x08000518   0x08000518   0x00000010   Code   RO         1463    .text               c_p.l(exit.o)
    0x08000528   0x08000528   0x00000008   Code   RO         1475    .text               c_p.l(libspace.o)
    0x08000530   0x08000530   0x0000000c   Code   RO         1534    .text               c_p.l(sys_exit.o)
    0x0800053c   0x0800053c   0x00000002   Code   RO         1557    .text               c_p.l(use_no_semi.o)
    0x0800053e   0x0800053e   0x00000000   Code   RO         1559    .text               c_p.l(indicate_semi.o)
    0x0800053e   0x0800053e   0x00000056   Code   RO         1613    .text               c_p.l(__dczerorl2.o)
    0x08000594   0x08000594   0x00000328   Code   RO         1286    .text.Change_Value_Conditions_Down_Key  menu.o
    0x080008bc   0x080008bc   0x00000290   Code   RO         1288    .text.Change_Value_Conditions_Up_Key  menu.o
    0x08000b4c   0x08000b4c   0x00000240   Code   RO         1272    .text.Change_Value_In_Sub_Page2  menu.o
    0x08000d8c   0x08000d8c   0x00000110   Code   RO         1276    .text.Check_Password  menu.o
    0x08000e9c   0x08000e9c   0x000000a8   Code   RO         1103    .text.Display       display.o
    0x08000f44   0x08000f44   0x00000010   Code   RO          128    .text.EXTI0_1_IRQHandler  stm32g0xx_it.o
    0x08000f54   0x08000f54   0x0000000a   Code   RO          130    .text.EXTI2_3_IRQHandler  stm32g0xx_it.o
    0x08000f5e   0x08000f5e   0x0000001e   Code   RO          132    .text.EXTI4_15_IRQHandler  stm32g0xx_it.o
    0x08000f7c   0x08000f7c   0x00000038   Code   RO         1120    .text.Erase_Flash   store_flash.o
    0x08000fb4   0x08000fb4   0x00000008   Code   RO           25    .text.Error_Handler  main.o
    0x08000fbc   0x08000fbc   0x00000074   Code   RO          557    .text.FLASH_WaitForLastOperation  stm32g0xx_hal_flash.o
    0x08001030   0x08001030   0x0000006c   Code   RO          646    .text.HAL_DMA_Abort  stm32g0xx_hal_dma.o
    0x0800109c   0x0800109c   0x00000074   Code   RO          648    .text.HAL_DMA_Abort_IT  stm32g0xx_hal_dma.o
    0x08001110   0x08001110   0x00000024   Code   RO          823    .text.HAL_Delay     stm32g0xx_hal.o
    0x08001134   0x08001134   0x000000b4   Code   RO          588    .text.HAL_FLASHEx_Erase  stm32g0xx_hal_flash_ex.o
    0x080011e8   0x080011e8   0x00000080   Code   RO          569    .text.HAL_FLASH_Lock  stm32g0xx_hal_flash.o
    0x08001268   0x08001268   0x000001b8   Code   RO          555    .text.HAL_FLASH_Program  stm32g0xx_hal_flash.o
    0x08001420   0x08001420   0x00000028   Code   RO          567    .text.HAL_FLASH_Unlock  stm32g0xx_hal_flash.o
    0x08001448   0x08001448   0x0000020c   Code   RO           19    .text.HAL_GPIO_EXTI_Falling_Callback  main.o
    0x08001654   0x08001654   0x00000028   Code   RO          624    .text.HAL_GPIO_EXTI_IRQHandler  stm32g0xx_hal_gpio.o
    0x0800167c   0x0800167c   0x00000002   Code   RO          626    .text.HAL_GPIO_EXTI_Rising_Callback  stm32g0xx_hal_gpio.o
    0x0800167e   0x0800167e   0x00000002   PAD
    0x08001680   0x08001680   0x00000194   Code   RO          612    .text.HAL_GPIO_Init  stm32g0xx_hal_gpio.o
    0x08001814   0x08001814   0x0000000a   Code   RO          616    .text.HAL_GPIO_ReadPin  stm32g0xx_hal_gpio.o
    0x0800181e   0x0800181e   0x00000010   Code   RO          618    .text.HAL_GPIO_WritePin  stm32g0xx_hal_gpio.o
    0x0800182e   0x0800182e   0x00000002   PAD
    0x08001830   0x08001830   0x00000008   Code   RO          815    .text.HAL_GetTick   stm32g0xx_hal.o
    0x08001838   0x08001838   0x00000014   Code   RO          813    .text.HAL_IncTick   stm32g0xx_hal.o
    0x0800184c   0x0800184c   0x0000002c   Code   RO          803    .text.HAL_Init      stm32g0xx_hal.o
    0x08001878   0x08001878   0x00000048   Code   RO          805    .text.HAL_InitTick  stm32g0xx_hal.o
    0x080018c0   0x080018c0   0x0000002c   Code   RO          147    .text.HAL_MspInit   stm32g0xx_hal_msp.o
    0x080018ec   0x080018ec   0x00000018   Code   RO          763    .text.HAL_NVIC_EnableIRQ  stm32g0xx_hal_cortex.o
    0x08001904   0x08001904   0x00000038   Code   RO          761    .text.HAL_NVIC_SetPriority  stm32g0xx_hal_cortex.o
    0x0800193c   0x0800193c   0x00000020   Code   RO          767    .text.HAL_NVIC_SystemReset  stm32g0xx_hal_cortex.o
    0x0800195c   0x0800195c   0x0000007c   Code   RO          747    .text.HAL_PWREx_ControlVoltageScaling  stm32g0xx_hal_pwr_ex.o
    0x080019d8   0x080019d8   0x00000164   Code   RO          536    .text.HAL_RCCEx_PeriphCLKConfig  stm32g0xx_hal_rcc_ex.o
    0x08001b3c   0x08001b3c   0x000001e4   Code   RO          500    .text.HAL_RCC_ClockConfig  stm32g0xx_hal_rcc.o
    0x08001d20   0x08001d20   0x00000024   Code   RO          508    .text.HAL_RCC_GetPCLK1Freq  stm32g0xx_hal_rcc.o
    0x08001d44   0x08001d44   0x00000088   Code   RO          502    .text.HAL_RCC_GetSysClockFreq  stm32g0xx_hal_rcc.o
    0x08001dcc   0x08001dcc   0x00000414   Code   RO          498    .text.HAL_RCC_OscConfig  stm32g0xx_hal_rcc.o
    0x080021e0   0x080021e0   0x00000034   Code   RO          769    .text.HAL_SYSTICK_Config  stm32g0xx_hal_cortex.o
    0x08002214   0x08002214   0x00000002   Code   RO          482    .text.HAL_TIMEx_Break2Callback  stm32g0xx_hal_tim_ex.o
    0x08002216   0x08002216   0x00000002   Code   RO          480    .text.HAL_TIMEx_BreakCallback  stm32g0xx_hal_tim_ex.o
    0x08002218   0x08002218   0x00000002   Code   RO          476    .text.HAL_TIMEx_CommutCallback  stm32g0xx_hal_tim_ex.o
    0x0800221a   0x0800221a   0x00000002   PAD
    0x0800221c   0x0800221c   0x00000058   Code   RO          460    .text.HAL_TIMEx_MasterConfigSynchronization  stm32g0xx_hal_tim_ex.o
    0x08002274   0x08002274   0x000000d8   Code   RO          165    .text.HAL_TIM_Base_Init  stm32g0xx_hal_tim.o
    0x0800234c   0x0800234c   0x00000060   Code   RO          149    .text.HAL_TIM_Base_MspInit  stm32g0xx_hal_msp.o
    0x080023ac   0x080023ac   0x00000058   Code   RO          179    .text.HAL_TIM_Base_Start_IT  stm32g0xx_hal_tim.o
    0x08002404   0x08002404   0x00000150   Code   RO          345    .text.HAL_TIM_ConfigClockSource  stm32g0xx_hal_tim.o
    0x08002554   0x08002554   0x00000002   Code   RO          301    .text.HAL_TIM_IC_CaptureCallback  stm32g0xx_hal_tim.o
    0x08002556   0x08002556   0x00000002   PAD
    0x08002558   0x08002558   0x000001dc   Code   RO          299    .text.HAL_TIM_IRQHandler  stm32g0xx_hal_tim.o
    0x08002734   0x08002734   0x00000002   Code   RO          303    .text.HAL_TIM_OC_DelayElapsedCallback  stm32g0xx_hal_tim.o
    0x08002736   0x08002736   0x00000002   Code   RO          305    .text.HAL_TIM_PWM_PulseFinishedCallback  stm32g0xx_hal_tim.o
    0x08002738   0x08002738   0x00000448   Code   RO           15    .text.HAL_TIM_PeriodElapsedCallback  main.o
    0x08002b80   0x08002b80   0x00000002   Code   RO          309    .text.HAL_TIM_TriggerCallback  stm32g0xx_hal_tim.o
    0x08002b82   0x08002b82   0x00000036   Code   RO         1059    .text.HAL_UARTEx_DisableFifoMode  stm32g0xx_hal_uart_ex.o
    0x08002bb8   0x08002bb8   0x00000002   Code   RO          988    .text.HAL_UARTEx_RxEventCallback  stm32g0xx_hal_uart.o
    0x08002bba   0x08002bba   0x00000002   Code   RO         1045    .text.HAL_UARTEx_RxFifoFullCallback  stm32g0xx_hal_uart_ex.o
    0x08002bbc   0x08002bbc   0x00000078   Code   RO         1063    .text.HAL_UARTEx_SetRxFifoThreshold  stm32g0xx_hal_uart_ex.o
    0x08002c34   0x08002c34   0x00000080   Code   RO         1061    .text.HAL_UARTEx_SetTxFifoThreshold  stm32g0xx_hal_uart_ex.o
    0x08002cb4   0x08002cb4   0x00000002   Code   RO         1047    .text.HAL_UARTEx_TxFifoEmptyCallback  stm32g0xx_hal_uart_ex.o
    0x08002cb6   0x08002cb6   0x00000002   Code   RO         1043    .text.HAL_UARTEx_WakeupCallback  stm32g0xx_hal_uart_ex.o
    0x08002cb8   0x08002cb8   0x00000002   Code   RO          986    .text.HAL_UART_ErrorCallback  stm32g0xx_hal_uart.o
    0x08002cba   0x08002cba   0x00000002   PAD
    0x08002cbc   0x08002cbc   0x00000420   Code   RO          982    .text.HAL_UART_IRQHandler  stm32g0xx_hal_uart.o
    0x080030dc   0x080030dc   0x00000070   Code   RO          898    .text.HAL_UART_Init  stm32g0xx_hal_uart.o
    0x0800314c   0x0800314c   0x00000088   Code   RO          153    .text.HAL_UART_MspInit  stm32g0xx_hal_msp.o
    0x080031d4   0x080031d4   0x0000005e   Code   RO          934    .text.HAL_UART_Receive_IT  stm32g0xx_hal_uart.o
    0x08003232   0x08003232   0x00000002   PAD
    0x08003234   0x08003234   0x0000006c   Code   RO           17    .text.HAL_UART_RxCpltCallback  main.o
    0x080032a0   0x080032a0   0x000000f4   Code   RO          918    .text.HAL_UART_Transmit  stm32g0xx_hal_uart.o
    0x08003394   0x08003394   0x00000002   Code   RO          990    .text.HAL_UART_TxCpltCallback  stm32g0xx_hal_uart.o
    0x08003396   0x08003396   0x00000002   Code   RO          120    .text.HardFault_Handler  stm32g0xx_it.o
    0x08003398   0x08003398   0x0000009e   Code   RO         1101    .text.LED_Control   display.o
    0x08003436   0x08003436   0x00000002   PAD
    0x08003438   0x08003438   0x00000814   Code   RO         1124    .text.Manage_Memory  store_flash.o
    0x08003c4c   0x08003c4c   0x00000860   Code   RO         1270    .text.Menu_Data_Display  menu.o
    0x080044ac   0x080044ac   0x000002b4   Code   RO         1284    .text.Menu_Selection  menu.o
    0x08004760   0x08004760   0x00000002   Code   RO          118    .text.NMI_Handler   stm32g0xx_it.o
    0x08004762   0x08004762   0x00000002   Code   RO          124    .text.PendSV_Handler  stm32g0xx_it.o
    0x08004764   0x08004764   0x00000002   Code   RO          122    .text.SVC_Handler   stm32g0xx_it.o
    0x08004766   0x08004766   0x00000002   PAD
    0x08004768   0x08004768   0x00000f00   Code   RO         1290    .text.Save_Changes  menu.o
    0x08005668   0x08005668   0x00000088   Code   RO         1099    .text.Select_Segment  display.o
    0x080056f0   0x080056f0   0x00000154   Code   RO         1122    .text.Setup_Flash   store_flash.o
    0x08005844   0x08005844   0x00000344   Code   RO         1097    .text.Show_Segment  display.o
    0x08005b88   0x08005b88   0x00000128   Code   RO         1292    .text.Storage_Data_On_Mainboard  menu.o
    0x08005cb0   0x08005cb0   0x00000008   Code   RO          126    .text.SysTick_Handler  stm32g0xx_it.o
    0x08005cb8   0x08005cb8   0x00000002   Code   RO         1082    .text.SystemInit    system_stm32g0xx.o
    0x08005cba   0x08005cba   0x00000002   PAD
    0x08005cbc   0x08005cbc   0x00000010   Code   RO          136    .text.TIM14_IRQHandler  stm32g0xx_it.o
    0x08005ccc   0x08005ccc   0x00000010   Code   RO          134    .text.TIM1_BRK_UP_TRG_COM_IRQHandler  stm32g0xx_it.o
    0x08005cdc   0x08005cdc   0x000000d2   Code   RO          902    .text.UART_AdvFeatureConfig  stm32g0xx_hal_uart.o
    0x08005dae   0x08005dae   0x00000002   PAD
    0x08005db0   0x08005db0   0x000000bc   Code   RO          906    .text.UART_CheckIdleState  stm32g0xx_hal_uart.o
    0x08005e6c   0x08005e6c   0x00000016   Code   RO          984    .text.UART_DMAAbortOnError  stm32g0xx_hal_uart.o
    0x08005e82   0x08005e82   0x000000ca   Code   RO         1024    .text.UART_RxISR_16BIT  stm32g0xx_hal_uart.o
    0x08005f4c   0x08005f4c   0x000001c0   Code   RO         1020    .text.UART_RxISR_16BIT_FIFOEN  stm32g0xx_hal_uart.o
    0x0800610c   0x0800610c   0x000000cc   Code   RO         1026    .text.UART_RxISR_8BIT  stm32g0xx_hal_uart.o
    0x080061d8   0x080061d8   0x000001c4   Code   RO         1022    .text.UART_RxISR_8BIT_FIFOEN  stm32g0xx_hal_uart.o
    0x0800639c   0x0800639c   0x00000168   Code   RO          904    .text.UART_SetConfig  stm32g0xx_hal_uart.o
    0x08006504   0x08006504   0x00000134   Code   RO          936    .text.UART_Start_Receive_IT  stm32g0xx_hal_uart.o
    0x08006638   0x08006638   0x0000015c   Code   RO          920    .text.UART_WaitOnFlagUntilTimeout  stm32g0xx_hal_uart.o
    0x08006794   0x08006794   0x00000010   Code   RO          138    .text.USART1_IRQHandler  stm32g0xx_it.o
    0x080067a4   0x080067a4   0x000000f0   Code   RO           11    .text.Welcome_Seg   main.o
    0x08006894   0x08006894   0x00000128   Code   RO         1278    .text.change_Param_ADV1  menu.o
    0x080069bc   0x080069bc   0x000001fc   Code   RO         1280    .text.change_Param_ADV2  menu.o
    0x08006bb8   0x08006bb8   0x0000005c   Code   RO         1126    .text.incriment_array  store_flash.o
    0x08006c14   0x08006c14   0x00000d60   Code   RO           21    .text.main          main.o
    0x08007974   0x08007974   0x00000004   Code   RO         1118    .text.readFlash     store_flash.o
    0x08007978   0x08007978   0x00000048   Code   RO         1116    .text.writeFlash    store_flash.o
    0x080079c0   0x080079c0   0x000001f6   Code   RO         1427    .text_divfast       c_p.l(aeabi_sdivfast.o)
    0x08007bb6   0x08007bb6   0x00000002   PAD
    0x08007bb8   0x08007bb8   0x0000000c   Data   RO         1408    .rodata..Lswitch.table.change_Mode_Value_In_Sub_Page2  menu.o
    0x08007bc4   0x08007bc4   0x00000040   Data   RO         1087    .rodata.AHBPrescTable  system_stm32g0xx.o
    0x08007c04   0x08007c04   0x00000020   Data   RO         1088    .rodata.APBPrescTable  system_stm32g0xx.o
    0x08007c24   0x08007c24   0x00000018   Data   RO         1032    .rodata.UARTPrescTable  stm32g0xx_hal_uart.o
    0x08007c3c   0x08007c3c   0x00000010   Data   RO         1073    .rodata.cst8        stm32g0xx_hal_uart_ex.o
    0x08007c4c   0x08007c4c   0x0000002b   Data   RO          105    .rodata.str1.1      main.o
    0x08007c77   0x08007c77   0x0000000a   Data   RO         1403    .rodata.str1.1      menu.o
    0x08007c81   0x08007c81   0x00000003   PAD
    0x08007c84   0x08007c84   0x00000020   Data   RO         1612    Region$$Table       anon$$obj.o


    Execution Region RW_IRAM1 (Exec base: 0x20000000, Load base: 0x08007ca8, Size: 0x00000fe0, Max: 0x00002000, ABSOLUTE, COMPRESSED[0x00000180])

    Exec Addr    Load Addr    Size         Type   Attr      Idx    E Section Name        Object

    0x20000000   COMPRESSED   0x00000001   Data   RW           77    .data.Byte_1_CD_Mode  main.o
    0x20000001   COMPRESSED   0x00000001   Data   RW         1128    .data.Byte_1_Device_Mode  store_flash.o
    0x20000002   COMPRESSED   0x00000001   Data   RW           37    .data.Byte_1_END_Frame  main.o
    0x20000003   COMPRESSED   0x00000001   Data   RW           29    .data.Byte_1_Manual_Mode  main.o
    0x20000004   COMPRESSED   0x00000001   Data   RW           79    .data.Byte_1_Normal_Mode  main.o
    0x20000005   COMPRESSED   0x00000001   Data   RW           76    .data.Byte_1_OD_Mode  main.o
    0x20000006   COMPRESSED   0x00000001   Data   RW           39    .data.Byte_1_Read_Frame  main.o
    0x20000007   COMPRESSED   0x00000001   Data   RW           35    .data.Byte_1_Start_Frame  main.o
    0x20000008   COMPRESSED   0x00000001   Data   RW           78    .data.Byte_1_Tune_Mode  main.o
    0x20000009   COMPRESSED   0x00000001   Data   RW           40    .data.Byte_1_Write_Frame  main.o
    0x2000000a   COMPRESSED   0x00000001   Data   RW           38    .data.Byte_2_END_Frame  main.o
    0x2000000b   COMPRESSED   0x00000001   Data   RW           36    .data.Byte_2_Start_Frame  main.o
    0x2000000c   COMPRESSED   0x00000006   Data   RW         1168    .data.Close_Accel_C  store_flash.o
    0x20000012   COMPRESSED   0x00000006   Data   RW         1135    .data.Close_Accel_D  store_flash.o
    0x20000018   COMPRESSED   0x00000006   Data   RW         1201    .data.Close_Accel_H  store_flash.o
    0x2000001e   COMPRESSED   0x00000006   Data   RW         1234    .data.Close_Accel_O  store_flash.o
    0x20000024   COMPRESSED   0x00000006   Data   RW         1170    .data.Close_Current_C  store_flash.o
    0x2000002a   COMPRESSED   0x00000006   Data   RW         1137    .data.Close_Current_D  store_flash.o
    0x20000030   COMPRESSED   0x00000006   Data   RW         1203    .data.Close_Current_H  store_flash.o
    0x20000036   COMPRESSED   0x00000006   Data   RW         1236    .data.Close_Current_O  store_flash.o
    0x2000003c   COMPRESSED   0x00000006   Data   RW         1171    .data.Close_Position_C  store_flash.o
    0x20000042   COMPRESSED   0x00000006   Data   RW         1138    .data.Close_Position_D  store_flash.o
    0x20000048   COMPRESSED   0x00000006   Data   RW         1204    .data.Close_Position_H  store_flash.o
    0x2000004e   COMPRESSED   0x00000006   Data   RW         1237    .data.Close_Position_O  store_flash.o
    0x20000054   COMPRESSED   0x00000006   Data   RW         1169    .data.Close_Speed_C  store_flash.o
    0x2000005a   COMPRESSED   0x00000006   Data   RW         1136    .data.Close_Speed_D  store_flash.o
    0x20000060   COMPRESSED   0x00000006   Data   RW         1202    .data.Close_Speed_H  store_flash.o
    0x20000066   COMPRESSED   0x00000006   Data   RW         1235    .data.Close_Speed_O  store_flash.o
    0x2000006c   COMPRESSED   0x00000001   Data   RW         1179    .data.Closing_Destination_C  store_flash.o
    0x2000006d   COMPRESSED   0x00000001   Data   RW         1146    .data.Closing_Destination_D  store_flash.o
    0x2000006e   COMPRESSED   0x00000001   Data   RW         1212    .data.Closing_Destination_H  store_flash.o
    0x2000006f   COMPRESSED   0x00000001   Data   RW         1245    .data.Closing_Destination_O  store_flash.o
    0x20000070   COMPRESSED   0x00000001   Data   RW         1192    .data.Command_Source_Mode_C  store_flash.o
    0x20000071   COMPRESSED   0x00000001   Data   RW         1159    .data.Command_Source_Mode_D  store_flash.o
    0x20000072   COMPRESSED   0x00000001   Data   RW           47    .data.Counter_Reset_system  main.o
    0x20000073   COMPRESSED   0x00000001   Data   RW         1227    .data.Device_Mode_H  store_flash.o
    0x20000074   COMPRESSED   0x00000001   Data   RW         1260    .data.Device_Mode_O  store_flash.o
    0x20000075   COMPRESSED   0x00000004   Data   RW         1107    .data.Display_storage  display.o
    0x20000079   COMPRESSED   0x00000003   PAD
    0x2000007c   COMPRESSED   0x00000004   Data   RW         1372    .data.Empty_Seg     menu.o
    0x20000080   COMPRESSED   0x00000001   Data   RW         1176    .data.KP_Detection_Time_C  store_flash.o
    0x20000081   COMPRESSED   0x00000001   Data   RW         1143    .data.KP_Detection_Time_D  store_flash.o
    0x20000082   COMPRESSED   0x00000001   Data   RW         1209    .data.KP_Detection_Time_H  store_flash.o
    0x20000083   COMPRESSED   0x00000001   Data   RW         1242    .data.KP_Detection_Time_O  store_flash.o
    0x20000084   COMPRESSED   0x00000001   Data   RW         1177    .data.KP_Speed_Constant_C  store_flash.o
    0x20000085   COMPRESSED   0x00000001   Data   RW         1144    .data.KP_Speed_Constant_D  store_flash.o
    0x20000086   COMPRESSED   0x00000001   Data   RW         1210    .data.KP_Speed_Constant_H  store_flash.o
    0x20000087   COMPRESSED   0x00000001   Data   RW         1243    .data.KP_Speed_Constant_O  store_flash.o
    0x20000088   COMPRESSED   0x00000001   Data   RW         1106    .data.LEDS_Number   display.o
    0x20000089   COMPRESSED   0x00000001   Data   RW         1163    .data.Learnig_Speed_C  store_flash.o
    0x2000008a   COMPRESSED   0x00000001   Data   RW         1130    .data.Learnig_Speed_D  store_flash.o
    0x2000008b   COMPRESSED   0x00000001   Data   RW         1196    .data.Learnig_Speed_H  store_flash.o
    0x2000008c   COMPRESSED   0x00000001   Data   RW         1229    .data.Learnig_Speed_O  store_flash.o
    0x2000008d   COMPRESSED   0x00000001   Data   RW           69    .data.Lock_Counter_Key  main.o
    0x2000008e   COMPRESSED   0x00000001   Data   RW         1186    .data.Motor_Nominal_Current_C  store_flash.o
    0x2000008f   COMPRESSED   0x00000001   Data   RW         1153    .data.Motor_Nominal_Current_D  store_flash.o
    0x20000090   COMPRESSED   0x00000001   Data   RW         1219    .data.Motor_Nominal_Current_H  store_flash.o
    0x20000091   COMPRESSED   0x00000001   Data   RW         1252    .data.Motor_Nominal_Current_O  store_flash.o
    0x20000092   COMPRESSED   0x00000001   Data   RW         1188    .data.Motor_Nominal_Speed_C  store_flash.o
    0x20000093   COMPRESSED   0x00000001   Data   RW         1155    .data.Motor_Nominal_Speed_D  store_flash.o
    0x20000094   COMPRESSED   0x00000001   Data   RW         1221    .data.Motor_Nominal_Speed_H  store_flash.o
    0x20000095   COMPRESSED   0x00000001   Data   RW         1254    .data.Motor_Nominal_Speed_O  store_flash.o
    0x20000096   COMPRESSED   0x00000001   Data   RW         1187    .data.Motor_Nominal_Voltage_C  store_flash.o
    0x20000097   COMPRESSED   0x00000001   Data   RW         1154    .data.Motor_Nominal_Voltage_D  store_flash.o
    0x20000098   COMPRESSED   0x00000001   Data   RW         1220    .data.Motor_Nominal_Voltage_H  store_flash.o
    0x20000099   COMPRESSED   0x00000001   Data   RW         1253    .data.Motor_Nominal_Voltage_O  store_flash.o
    0x2000009a   COMPRESSED   0x00000001   Data   RW         1185    .data.Motor_Pole_Number_C  store_flash.o
    0x2000009b   COMPRESSED   0x00000001   Data   RW         1152    .data.Motor_Pole_Number_D  store_flash.o
    0x2000009c   COMPRESSED   0x00000001   Data   RW         1218    .data.Motor_Pole_Number_H  store_flash.o
    0x2000009d   COMPRESSED   0x00000001   Data   RW         1251    .data.Motor_Pole_Number_O  store_flash.o
    0x2000009e   COMPRESSED   0x00000001   Data   RW         1180    .data.Normal_Jerk_C  store_flash.o
    0x2000009f   COMPRESSED   0x00000001   Data   RW         1147    .data.Normal_Jerk_D  store_flash.o
    0x200000a0   COMPRESSED   0x00000001   Data   RW         1213    .data.Normal_Jerk_H  store_flash.o
    0x200000a1   COMPRESSED   0x00000001   Data   RW         1246    .data.Normal_Jerk_O  store_flash.o
    0x200000a2   COMPRESSED   0x00000001   Data   RW         1296    .data.Number_OF_Settings  menu.o
    0x200000a3   COMPRESSED   0x00000001   Data   RW         1162    .data.Obstacle_KP_C  store_flash.o
    0x200000a4   COMPRESSED   0x00000001   Data   RW         1129    .data.Obstacle_KP_D  store_flash.o
    0x200000a5   COMPRESSED   0x00000001   Data   RW         1195    .data.Obstacle_KP_H  store_flash.o
    0x200000a6   COMPRESSED   0x00000001   Data   RW         1228    .data.Obstacle_KP_O  store_flash.o
    0x200000a7   COMPRESSED   0x000000ff   Data   RW           27    .data.Office_Flash_Array  main.o
    0x200001a6   COMPRESSED   0x00000002   PAD
    0x200001a8   COMPRESSED   0x00000006   Data   RW         1164    .data.Open_Accel_C  store_flash.o
    0x200001ae   COMPRESSED   0x00000002   PAD
    0x200001b0   COMPRESSED   0x00000006   Data   RW         1131    .data.Open_Accel_D  store_flash.o
    0x200001b6   COMPRESSED   0x00000002   PAD
    0x200001b8   COMPRESSED   0x00000006   Data   RW         1197    .data.Open_Accel_H  store_flash.o
    0x200001be   COMPRESSED   0x00000002   PAD
    0x200001c0   COMPRESSED   0x00000006   Data   RW         1230    .data.Open_Accel_O  store_flash.o
    0x200001c6   COMPRESSED   0x00000006   Data   RW         1166    .data.Open_Current_C  store_flash.o
    0x200001cc   COMPRESSED   0x00000006   Data   RW         1133    .data.Open_Current_D  store_flash.o
    0x200001d2   COMPRESSED   0x00000006   Data   RW         1199    .data.Open_Current_H  store_flash.o
    0x200001d8   COMPRESSED   0x00000006   Data   RW         1232    .data.Open_Current_O  store_flash.o
    0x200001de   COMPRESSED   0x00000006   Data   RW         1167    .data.Open_Position_C  store_flash.o
    0x200001e4   COMPRESSED   0x00000006   Data   RW         1134    .data.Open_Position_D  store_flash.o
    0x200001ea   COMPRESSED   0x00000006   Data   RW         1200    .data.Open_Position_H  store_flash.o
    0x200001f0   COMPRESSED   0x00000006   Data   RW         1233    .data.Open_Position_O  store_flash.o
    0x200001f6   COMPRESSED   0x00000006   Data   RW         1165    .data.Open_Speed_C  store_flash.o
    0x200001fc   COMPRESSED   0x00000006   Data   RW         1132    .data.Open_Speed_D  store_flash.o
    0x20000202   COMPRESSED   0x00000006   Data   RW         1198    .data.Open_Speed_H  store_flash.o
    0x20000208   COMPRESSED   0x00000006   Data   RW         1231    .data.Open_Speed_O  store_flash.o
    0x2000020e   COMPRESSED   0x00000001   Data   RW         1178    .data.Opening_Destination_C  store_flash.o
    0x2000020f   COMPRESSED   0x00000001   Data   RW         1145    .data.Opening_Destination_D  store_flash.o
    0x20000210   COMPRESSED   0x00000001   Data   RW         1211    .data.Opening_Destination_H  store_flash.o
    0x20000211   COMPRESSED   0x00000001   Data   RW         1244    .data.Opening_Destination_O  store_flash.o
    0x20000212   COMPRESSED   0x00000001   Data   RW         1182    .data.Over_Heat_Limit_C  store_flash.o
    0x20000213   COMPRESSED   0x00000001   Data   RW         1149    .data.Over_Heat_Limit_D  store_flash.o
    0x20000214   COMPRESSED   0x00000001   Data   RW         1215    .data.Over_Heat_Limit_H  store_flash.o
    0x20000215   COMPRESSED   0x00000001   Data   RW         1248    .data.Over_Heat_Limit_O  store_flash.o
    0x20000216   COMPRESSED   0x00000001   Data   RW         1183    .data.Over_Load_Limit_C  store_flash.o
    0x20000217   COMPRESSED   0x00000001   Data   RW         1150    .data.Over_Load_Limit_D  store_flash.o
    0x20000218   COMPRESSED   0x00000001   Data   RW         1216    .data.Over_Load_Limit_H  store_flash.o
    0x20000219   COMPRESSED   0x00000001   Data   RW         1249    .data.Over_Load_Limit_O  store_flash.o
    0x2000021a   COMPRESSED   0x00000001   Data   RW         1184    .data.Over_Load_Time_C  store_flash.o
    0x2000021b   COMPRESSED   0x00000001   Data   RW         1151    .data.Over_Load_Time_D  store_flash.o
    0x2000021c   COMPRESSED   0x00000001   Data   RW         1217    .data.Over_Load_Time_H  store_flash.o
    0x2000021d   COMPRESSED   0x00000001   Data   RW         1250    .data.Over_Load_Time_O  store_flash.o
    0x2000021e   COMPRESSED   0x00000002   PAD
    0x20000220   COMPRESSED   0x00000004   Data   RW         1399    .data.Pass_Field    menu.o
    0x20000224   COMPRESSED   0x00000004   Data   RW         1297    .data.Res_1         menu.o
    0x20000228   COMPRESSED   0x00000004   Data   RW         1306    .data.Res_10        menu.o
    0x2000022c   COMPRESSED   0x00000004   Data   RW         1313    .data.Res_17        menu.o
    0x20000230   COMPRESSED   0x00000004   Data   RW         1314    .data.Res_18        menu.o
    0x20000234   COMPRESSED   0x00000004   Data   RW         1315    .data.Res_19        menu.o
    0x20000238   COMPRESSED   0x00000004   Data   RW         1298    .data.Res_2         menu.o
    0x2000023c   COMPRESSED   0x00000004   Data   RW         1316    .data.Res_20        menu.o
    0x20000240   COMPRESSED   0x00000004   Data   RW         1317    .data.Res_21        menu.o
    0x20000244   COMPRESSED   0x00000004   Data   RW         1318    .data.Res_22        menu.o
    0x20000248   COMPRESSED   0x00000004   Data   RW         1319    .data.Res_23        menu.o
    0x2000024c   COMPRESSED   0x00000004   Data   RW         1320    .data.Res_24        menu.o
    0x20000250   COMPRESSED   0x00000004   Data   RW         1321    .data.Res_25        menu.o
    0x20000254   COMPRESSED   0x00000004   Data   RW         1322    .data.Res_26        menu.o
    0x20000258   COMPRESSED   0x00000004   Data   RW         1323    .data.Res_27        menu.o
    0x2000025c   COMPRESSED   0x00000004   Data   RW         1324    .data.Res_28        menu.o
    0x20000260   COMPRESSED   0x00000004   Data   RW         1325    .data.Res_29        menu.o
    0x20000264   COMPRESSED   0x00000004   Data   RW         1299    .data.Res_3         menu.o
    0x20000268   COMPRESSED   0x00000004   Data   RW         1326    .data.Res_30        menu.o
    0x2000026c   COMPRESSED   0x00000004   Data   RW         1332    .data.Res_37        menu.o
    0x20000270   COMPRESSED   0x00000004   Data   RW         1333    .data.Res_38        menu.o
    0x20000274   COMPRESSED   0x00000004   Data   RW         1334    .data.Res_39        menu.o
    0x20000278   COMPRESSED   0x00000004   Data   RW         1300    .data.Res_4         menu.o
    0x2000027c   COMPRESSED   0x00000004   Data   RW         1335    .data.Res_40        menu.o
    0x20000280   COMPRESSED   0x00000004   Data   RW         1336    .data.Res_41        menu.o
    0x20000284   COMPRESSED   0x00000004   Data   RW         1337    .data.Res_42        menu.o
    0x20000288   COMPRESSED   0x00000004   Data   RW         1338    .data.Res_43        menu.o
    0x2000028c   COMPRESSED   0x00000004   Data   RW         1339    .data.Res_44        menu.o
    0x20000290   COMPRESSED   0x00000004   Data   RW         1340    .data.Res_45        menu.o
    0x20000294   COMPRESSED   0x00000004   Data   RW         1341    .data.Res_46        menu.o
    0x20000298   COMPRESSED   0x00000004   Data   RW         1342    .data.Res_47        menu.o
    0x2000029c   COMPRESSED   0x00000004   Data   RW         1343    .data.Res_48        menu.o
    0x200002a0   COMPRESSED   0x00000004   Data   RW         1344    .data.Res_49        menu.o
    0x200002a4   COMPRESSED   0x00000004   Data   RW         1301    .data.Res_5         menu.o
    0x200002a8   COMPRESSED   0x00000004   Data   RW         1345    .data.Res_50        menu.o
    0x200002ac   COMPRESSED   0x00000004   Data   RW         1346    .data.Res_51        menu.o
    0x200002b0   COMPRESSED   0x00000004   Data   RW         1347    .data.Res_52        menu.o
    0x200002b4   COMPRESSED   0x00000004   Data   RW         1348    .data.Res_53        menu.o
    0x200002b8   COMPRESSED   0x00000004   Data   RW         1349    .data.Res_54        menu.o
    0x200002bc   COMPRESSED   0x00000004   Data   RW         1350    .data.Res_55        menu.o
    0x200002c0   COMPRESSED   0x00000004   Data   RW         1351    .data.Res_56        menu.o
    0x200002c4   COMPRESSED   0x00000004   Data   RW         1352    .data.Res_57        menu.o
    0x200002c8   COMPRESSED   0x00000004   Data   RW         1353    .data.Res_58        menu.o
    0x200002cc   COMPRESSED   0x00000004   Data   RW         1302    .data.Res_6         menu.o
    0x200002d0   COMPRESSED   0x00000004   Data   RW         1303    .data.Res_7         menu.o
    0x200002d4   COMPRESSED   0x00000004   Data   RW         1304    .data.Res_8         menu.o
    0x200002d8   COMPRESSED   0x00000004   Data   RW         1305    .data.Res_9         menu.o
    0x200002dc   COMPRESSED   0x00000004   Data   RW         1368    .data.Res_Mod_1     menu.o
    0x200002e0   COMPRESSED   0x00000004   Data   RW         1369    .data.Res_Mod_2     menu.o
    0x200002e4   COMPRESSED   0x00000004   Data   RW         1370    .data.Res_Mod_3     menu.o
    0x200002e8   COMPRESSED   0x00000004   Data   RW         1371    .data.Save_Notic    menu.o
    0x200002ec   COMPRESSED   0x00000001   Data   RW         1105    .data.Segment_Number  display.o
    0x200002ed   COMPRESSED   0x00000006   Data   RW         1172    .data.Stop_Accel_C  store_flash.o
    0x200002f3   COMPRESSED   0x00000006   Data   RW         1139    .data.Stop_Accel_D  store_flash.o
    0x200002f9   COMPRESSED   0x00000006   Data   RW         1205    .data.Stop_Accel_H  store_flash.o
    0x200002ff   COMPRESSED   0x00000006   Data   RW         1238    .data.Stop_Accel_O  store_flash.o
    0x20000305   COMPRESSED   0x00000006   Data   RW         1174    .data.Stop_Current_C  store_flash.o
    0x2000030b   COMPRESSED   0x00000006   Data   RW         1141    .data.Stop_Current_D  store_flash.o
    0x20000311   COMPRESSED   0x00000006   Data   RW         1207    .data.Stop_Current_H  store_flash.o
    0x20000317   COMPRESSED   0x00000006   Data   RW         1240    .data.Stop_Current_O  store_flash.o
    0x2000031d   COMPRESSED   0x00000001   Data   RW         1181    .data.Stop_Jerk_C   store_flash.o
    0x2000031e   COMPRESSED   0x00000001   Data   RW         1148    .data.Stop_Jerk_D   store_flash.o
    0x2000031f   COMPRESSED   0x00000001   Data   RW         1214    .data.Stop_Jerk_H   store_flash.o
    0x20000320   COMPRESSED   0x00000001   Data   RW         1247    .data.Stop_Jerk_O   store_flash.o
    0x20000321   COMPRESSED   0x00000006   Data   RW         1175    .data.Stop_Position_C  store_flash.o
    0x20000327   COMPRESSED   0x00000006   Data   RW         1142    .data.Stop_Position_D  store_flash.o
    0x2000032d   COMPRESSED   0x00000006   Data   RW         1208    .data.Stop_Position_H  store_flash.o
    0x20000333   COMPRESSED   0x00000006   Data   RW         1241    .data.Stop_Position_O  store_flash.o
    0x20000339   COMPRESSED   0x00000003   PAD
    0x2000033c   COMPRESSED   0x00000004   Data   RW         1086    .data.SystemCoreClock  system_stm32g0xx.o
    0x20000340   COMPRESSED   0x00000004   Data   RW           30    .data.addr          main.o
    0x20000344   COMPRESSED   0x00000001   Data   RW          862    .data.uwTickFreq    stm32g0xx_hal.o
    0x20000345   COMPRESSED   0x00000003   PAD
    0x20000348   COMPRESSED   0x00000004   Data   RW          861    .data.uwTickPrio    stm32g0xx_hal.o
    0x2000034c   COMPRESSED   0x00000004   PAD
    0x20000350        -       0x00000060   Zero   RW         1476    .bss                c_p.l(libspace.o)
    0x200003b0        -       0x00000001   Zero   RW         1394    .bss.ADV1_NUM_Param  menu.o
    0x200003b1        -       0x00000001   Zero   RW         1397    .bss.ADV2_NUM_Param  menu.o
    0x200003b2        -       0x00000001   Zero   RW         1404    .bss.Address_Value  menu.o
    0x200003b3        -       0x00000001   Zero   RW           31    .bss.Array_Flash_Counter  main.o
    0x200003b4        -       0x00000001   Zero   RW         1189    .bss.Buzzer_Activation_C  store_flash.o
    0x200003b5        -       0x00000001   Zero   RW         1156    .bss.Buzzer_Activation_D  store_flash.o
    0x200003b6        -       0x00000001   Zero   RW         1222    .bss.Buzzer_Activation_H  store_flash.o
    0x200003b7        -       0x00000001   Zero   RW         1255    .bss.Buzzer_Activation_O  store_flash.o
    0x200003b8        -       0x00000001   Zero   RW          108    .bss.CRC_Value      main.o
    0x200003b9        -       0x00000001   Zero   RW         1378    .bss.Change_Mode_Flag  menu.o
    0x200003ba        -       0x00000001   Zero   RW         1390    .bss.Change_State_Manual  menu.o
    0x200003bb        -       0x00000001   Zero   RW         1225    .bss.Command_Source_Mode_H  store_flash.o
    0x200003bc        -       0x00000001   Zero   RW         1258    .bss.Command_Source_Mode_O  store_flash.o
    0x200003bd        -       0x000000ff   Zero   RW          101    .bss.Commercial_Flash_Array  main.o
    0x200004bc        -       0x00000001   Zero   RW           83    .bss.Counter_Auto_Show  main.o
    0x200004bd        -       0x00000001   Zero   RW           74    .bss.Counter_Back_to_Norm  main.o
    0x200004be   COMPRESSED   0x00000002   PAD
    0x200004c0        -       0x00000004   Zero   RW           58    .bss.Counter_CD_Key  main.o
    0x200004c4        -       0x00000001   Zero   RW           67    .bss.Counter_Change_Value  main.o
    0x200004c5        -       0x00000001   Zero   RW           48    .bss.Counter_Devide_10  main.o
    0x200004c6        -       0x00000001   Zero   RW           64    .bss.Counter_Down_Key  main.o
    0x200004c7   COMPRESSED   0x00000001   PAD
    0x200004c8        -       0x00000004   Zero   RW           60    .bss.Counter_ENT_Key  main.o
    0x200004cc        -       0x00000001   Zero   RW           65    .bss.Counter_ESC_Key  main.o
    0x200004cd        -       0x00000001   Zero   RW           68    .bss.Counter_Key_Hold  main.o
    0x200004ce        -       0x00000001   Zero   RW           84    .bss.Counter_Lock_Pass  main.o
    0x200004cf   COMPRESSED   0x00000001   PAD
    0x200004d0        -       0x00000004   Zero   RW           59    .bss.Counter_OD_Key  main.o
    0x200004d4        -       0x00000004   Zero   RW           61    .bss.Counter_RST_Key  main.o
    0x200004d8        -       0x00000001   Zero   RW           88    .bss.Counter_Time_Screen_Saver  main.o
    0x200004d9        -       0x00000001   Zero   RW           73    .bss.Counter_Toggle_Sevensegment  main.o
    0x200004da        -       0x00000001   Zero   RW           63    .bss.Counter_UP_Key  main.o
    0x200004db        -       0x00000001   Zero   RW           92    .bss.Counter_Wating  main.o
    0x200004dc        -       0x00000001   Zero   RW           93    .bss.Counter_Wating_Show  main.o
    0x200004dd        -       0x000000ff   Zero   RW         1261    .bss.Default_Flash_Array  store_flash.o
    0x200005dc        -       0x00000001   Zero   RW         1194    .bss.Device_Mode_C  store_flash.o
    0x200005dd        -       0x00000001   Zero   RW         1161    .bss.Device_Mode_D  store_flash.o
    0x200005de        -       0x00000001   Zero   RW         1191    .bss.Door_Direction_C  store_flash.o
    0x200005df        -       0x00000001   Zero   RW         1158    .bss.Door_Direction_D  store_flash.o
    0x200005e0        -       0x00000001   Zero   RW         1224    .bss.Door_Direction_H  store_flash.o
    0x200005e1        -       0x00000001   Zero   RW         1257    .bss.Door_Direction_O  store_flash.o
    0x200005e2        -       0x00000001   Zero   RW         1379    .bss.End_Page       menu.o
    0x200005e3   COMPRESSED   0x00000001   PAD
    0x200005e4        -       0x00000004   Zero   RW           55    .bss.Fault_Vector   main.o
    0x200005e8        -       0x00000001   Zero   RW         1393    .bss.Flag_ADV1      menu.o
    0x200005e9        -       0x00000001   Zero   RW         1396    .bss.Flag_ADV2      menu.o
    0x200005ea        -       0x00000001   Zero   RW         1383    .bss.Flag_Buzzer_Menu  menu.o
    0x200005eb        -       0x00000001   Zero   RW         1382    .bss.Flag_Command_Source_Menu  menu.o
    0x200005ec        -       0x00000001   Zero   RW         1389    .bss.Flag_Demo      menu.o
    0x200005ed        -       0x00000001   Zero   RW         1381    .bss.Flag_Door_Direction_Menu  menu.o
    0x200005ee        -       0x00000001   Zero   RW         1384    .bss.Flag_KP_Detection_Time_Menu  menu.o
    0x200005ef        -       0x00000001   Zero   RW           91    .bss.Flag_Load_Data  main.o
    0x200005f0        -       0x00000001   Zero   RW           85    .bss.Flag_Lock_Pass_Show  main.o
    0x200005f1        -       0x00000001   Zero   RW         1386    .bss.Flag_Motor_Nominal_Current_Menu  menu.o
    0x200005f2        -       0x00000001   Zero   RW         1388    .bss.Flag_Motor_Nominal_Speed_Menu  menu.o
    0x200005f3        -       0x00000001   Zero   RW         1387    .bss.Flag_Motor_Nominal_Voltage_Menu  menu.o
    0x200005f4        -       0x00000001   Zero   RW         1385    .bss.Flag_Motor_Pole_Number_Menu  menu.o
    0x200005f5        -       0x00000001   Zero   RW           71    .bss.Flag_OK_Setup  main.o
    0x200005f6        -       0x00000001   Zero   RW           89    .bss.Flag_Repeat_Off  main.o
    0x200005f7        -       0x00000001   Zero   RW           86    .bss.Flag_Screen_Saver  main.o
    0x200005f8        -       0x00000001   Zero   RW           80    .bss.Flag_Show_Auto  main.o
    0x200005f9        -       0x00000001   Zero   RW           82    .bss.Flag_Show_CD   main.o
    0x200005fa        -       0x00000001   Zero   RW           81    .bss.Flag_Show_OD   main.o
    0x200005fb        -       0x00000001   Zero   RW           90    .bss.Flag_System_Waitng  main.o
    0x200005fc        -       0x00000001   Zero   RW         1380    .bss.Flag_Tune_Mode_Menu  menu.o
    0x200005fd        -       0x000000ff   Zero   RW          102    .bss.Household_Flash_Array  main.o
    0x200006fc        -       0x00000001   Zero   RW         1366    .bss.ID_RES10_SAVE_PERMISSION  menu.o
    0x200006fd        -       0x00000001   Zero   RW         1357    .bss.ID_RES1_SAVE_PERMISSION  menu.o
    0x200006fe        -       0x00000001   Zero   RW         1358    .bss.ID_RES2_SAVE_PERMISSION  menu.o
    0x200006ff        -       0x00000001   Zero   RW         1359    .bss.ID_RES3_SAVE_PERMISSION  menu.o
    0x20000700        -       0x00000001   Zero   RW         1360    .bss.ID_RES4_SAVE_PERMISSION  menu.o
    0x20000701        -       0x00000001   Zero   RW         1361    .bss.ID_RES5_SAVE_PERMISSION  menu.o
    0x20000702        -       0x00000001   Zero   RW         1362    .bss.ID_RES6_SAVE_PERMISSION  menu.o
    0x20000703        -       0x00000001   Zero   RW         1363    .bss.ID_RES7_SAVE_PERMISSION  menu.o
    0x20000704        -       0x00000001   Zero   RW         1364    .bss.ID_RES8_SAVE_PERMISSION  menu.o
    0x20000705        -       0x00000001   Zero   RW         1365    .bss.ID_RES9_SAVE_PERMISSION  menu.o
    0x20000706        -       0x00000001   Zero   RW           70    .bss.Lock_LCD       main.o
    0x20000707        -       0x00000001   Zero   RW           45    .bss.Lock_System    main.o
    0x20000708        -       0x00000001   Zero   RW           62    .bss.Manual_mode    main.o
    0x20000709        -       0x00000001   Zero   RW           56    .bss.Menu_CD        main.o
    0x2000070a        -       0x00000001   Zero   RW           52    .bss.Menu_Down      main.o
    0x2000070b        -       0x00000001   Zero   RW           51    .bss.Menu_ENT       main.o
    0x2000070c        -       0x00000001   Zero   RW           50    .bss.Menu_ESC       main.o
    0x2000070d        -       0x00000001   Zero   RW           57    .bss.Menu_OD        main.o
    0x2000070e        -       0x00000001   Zero   RW           54    .bss.Menu_Reset     main.o
    0x2000070f        -       0x00000001   Zero   RW           53    .bss.Menu_Up        main.o
    0x20000710        -       0x00000001   Zero   RW           44    .bss.Number_Repeat_Serial  main.o
    0x20000711   COMPRESSED   0x00000003   PAD
    0x20000714        -       0x00000014   Zero   RW           99    .bss.PM_Menu        main.o
    0x20000728        -       0x00000001   Zero   RW         1398    .bss.Password_Mode_Flag  menu.o
    0x20000729        -       0x00000001   Zero   RW         1392    .bss.Read_ADV1      menu.o
    0x2000072a        -       0x00000001   Zero   RW         1395    .bss.Read_ADV2      menu.o
    0x2000072b        -       0x000000ff   Zero   RW          103    .bss.Read_Array_Flash  main.o
    0x2000082a   COMPRESSED   0x00000002   PAD
    0x2000082c        -       0x00000004   Zero   RW         1405    .bss.Read_Array_Flash_Res  menu.o
    0x20000830        -       0x00000001   Zero   RW           43    .bss.Repeat_Time    main.o
    0x20000831        -       0x00000001   Zero   RW           49    .bss.Repeat_time_Serial  main.o
    0x20000832        -       0x00000001   Zero   RW         1402    .bss.Reset_Menu     menu.o
    0x20000833        -       0x00000001   Zero   RW           28    .bss.Reset_To_Default_Value  main.o
    0x20000834        -       0x00000001   Zero   RW           87    .bss.Screen_Number  main.o
    0x20000835   COMPRESSED   0x00000003   PAD
    0x20000838        -       0x0000000b   Zero   RW          104    .bss.Seial_Repeat_arr_frame  main.o
    0x20000843        -       0x00000001   Zero   RW           41    .bss.Serial_Available  main.o
    0x20000844        -       0x00000001   Zero   RW           42    .bss.Serial_Repeat  main.o
    0x20000845   COMPRESSED   0x00000003   PAD
    0x20000848        -       0x00000004   Zero   RW          106    .bss.Show_Variable  main.o
    0x2000084c        -       0x00000001   Zero   RW         1400    .bss.Step_Pass      menu.o
    0x2000084d        -       0x00000001   Zero   RW           66    .bss.Step_Speed     main.o
    0x2000084e        -       0x00000006   Zero   RW         1173    .bss.Stop_Speed_C   store_flash.o
    0x20000854        -       0x00000006   Zero   RW         1140    .bss.Stop_Speed_D   store_flash.o
    0x2000085a        -       0x00000006   Zero   RW         1206    .bss.Stop_Speed_H   store_flash.o
    0x20000860        -       0x00000006   Zero   RW         1239    .bss.Stop_Speed_O   store_flash.o
    0x20000866        -       0x00000001   Zero   RW         1376    .bss.Sub_Page       menu.o
    0x20000867        -       0x00000001   Zero   RW           72    .bss.Toggle_Sevensegment  main.o
    0x20000868        -       0x00000001   Zero   RW           46    .bss.Transmision_Flag  main.o
    0x20000869        -       0x00000001   Zero   RW           75    .bss.Tune_Mode      main.o
    0x2000086a        -       0x00000001   Zero   RW         1190    .bss.Tune_Mode_Flash_C  store_flash.o
    0x2000086b        -       0x00000001   Zero   RW         1157    .bss.Tune_Mode_Flash_D  store_flash.o
    0x2000086c        -       0x00000001   Zero   RW         1223    .bss.Tune_Mode_Flash_H  store_flash.o
    0x2000086d        -       0x00000001   Zero   RW         1256    .bss.Tune_Mode_Flash_O  store_flash.o
    0x2000086e   COMPRESSED   0x00000002   PAD
    0x20000870        -       0x00000004   Zero   RW         1377    .bss.Value          menu.o
    0x20000874        -       0x00000001   Zero   RW           95    .bss.Value_Res1     main.o
    0x20000875   COMPRESSED   0x00000003   PAD
    0x20000878        -       0x0000000b   Zero   RW           94    .bss.arr_frame      main.o
    0x20000883        -       0x00000001   Zero   RW           33    .bss.block_Counter_frame  main.o
    0x20000884        -       0x00000001   Zero   RW          100    .bss.byte           main.o
    0x20000885        -       0x00000001   Zero   RW         1401    .bss.check_Pass     menu.o
    0x20000886   COMPRESSED   0x00000002   PAD
    0x20000888        -       0x00000004   Zero   RW           32    .bss.frame_counter  main.o
    0x2000088c        -       0x0000004c   Zero   RW           98    .bss.htim1          main.o
    0x200008d8        -       0x0000004c   Zero   RW           97    .bss.htim14         main.o
    0x20000924        -       0x00000094   Zero   RW           96    .bss.huart1         main.o
    0x200009b8        -       0x0000001c   Zero   RW          579    .bss.pFlash         stm32g0xx_hal_flash.o
    0x200009d4        -       0x00000001   Zero   RW         1406    .bss.setting        menu.o
    0x200009d5   COMPRESSED   0x00000003   PAD
    0x200009d8        -       0x00000004   Zero   RW          863    .bss.uwTick         stm32g0xx_hal.o
    0x200009dc   COMPRESSED   0x00000004   PAD
    0x200009e0        -       0x00000200   Zero   RW            2    HEAP                startup_stm32g030xx.o
    0x20000be0        -       0x00000400   Zero   RW            1    STACK               startup_stm32g030xx.o


==============================================================================

Image component sizes


      Code (inc. data)   RO Data    RW Data    ZI Data      Debug   Object Name

      1298        346          0          6          0       2782   display.o
      5400       1200         43        272       1183      19239   main.o
     10088       1466         22        209         44      20163   menu.o
        56         26        192          0       1536        660   startup_stm32g030xx.o
       180         20          0          5          4       6695   stm32g0xx_hal.o
       164         32          0          0          0       6811   stm32g0xx_hal_cortex.o
       224          8          0          0          0       8982   stm32g0xx_hal_dma.o
       724         36          0          0         28       9102   stm32g0xx_hal_flash.o
       180         12          0          0          0       5765   stm32g0xx_hal_flash_ex.o
       472         24          0          0          0       4753   stm32g0xx_hal_gpio.o
       276         20          0          0          0       8880   stm32g0xx_hal_msp.o
       124         12          0          0          0       4939   stm32g0xx_hal_pwr_ex.o
      1700         84          0          0          0       9158   stm32g0xx_hal_rcc.o
       356         16          0          0          0       5936   stm32g0xx_hal_rcc_ex.o
      1124         40          0          0          0      69325   stm32g0xx_hal_tim.o
        94          0          0          0          0      25834   stm32g0xx_hal_tim_ex.o
      4254        128         24          0          0      47328   stm32g0xx_hal_uart.o
       308          8         16          0          0      11886   stm32g0xx_hal_uart_ex.o
       120         12          0          0          0       2403   stm32g0xx_it.o
      2632        548          0        329        295       9502   store_flash.o
         2          0         96          4          0       1980   system_stm32g0xx.o

    ----------------------------------------------------------------------
     29796       4038        428        844       3124     282123   Object Totals
         0          0         32          0          0          0   (incl. Generated)
        20          0          3         19         34          0   (incl. Padding)

    ----------------------------------------------------------------------

      Code (inc. data)   RO Data    RW Data    ZI Data      Debug   Library Member Name

        86          0          0          0          0          0   __dczerorl2.o
         8          0          0          0          0         68   __main.o
         0          0          0          0          0          0   __rtentry.o
        12          0          0          0          0          0   __rtentry2.o
         6          0          0          0          0          0   __rtentry4.o
        86         10          0          0          0          0   __scatter.o
        28          0          0          0          0          0   __scatter_zi.o
      1006          4          0          0          0        184   aeabi_sdivfast.o
        16          0          0          0          0         68   exit.o
         6          0          0          0          0        136   heapauxi.o
         0          0          0          0          0          0   indicate_semi.o
         2          0          0          0          0          0   libinit.o
         2          0          0          0          0          0   libinit2.o
         2          0          0          0          0          0   libshutdown.o
         2          0          0          0          0          0   libshutdown2.o
         8          4          0          0         96         68   libspace.o
        64          0          0          0          0        108   rt_memclr.o
       186          0          0          0          0        144   rt_memcpy.o
         2          0          0          0          0          0   rtexit.o
        10          0          0          0          0          0   rtexit2.o
        68          6          0          0          0         72   strlen.o
        12          4          0          0          0         60   sys_exit.o
        62          0          0          0          0         80   sys_stackheap_outer.o
         2          0          0          0          0         68   use_no_semi.o

    ----------------------------------------------------------------------
      1684         28          0          0         96       1056   Library Totals
         8          0          0          0          0          0   (incl. Padding)

    ----------------------------------------------------------------------

      Code (inc. data)   RO Data    RW Data    ZI Data      Debug   Library Name

      1676         28          0          0         96       1056   c_p.l

    ----------------------------------------------------------------------
      1684         28          0          0         96       1056   Library Totals

    ----------------------------------------------------------------------

==============================================================================


      Code (inc. data)   RO Data    RW Data    ZI Data      Debug   

     31480       4066        428        844       3220     282491   Grand Totals
     31480       4066        428        384       3220     282491   ELF Image Totals (compressed)
     31480       4066        428        384          0          0   ROM Totals

==============================================================================

    Total RO  Size (Code + RO Data)                31908 (  31.16kB)
    Total RW  Size (RW Data + ZI Data)              4064 (   3.97kB)
    Total ROM Size (Code + RO Data + RW Data)      32292 (  31.54kB)

==============================================================================

